    warning: unused alias Datum
    │
 15 │   alias Sutra.Cardano.Transaction.Datum
    │   ~
    │
    └─ lib/vola_bridge/tx/bridge.ex:15:3

    warning: unused alias Datum
    │
 10 │   alias Sutra.Cardano.Transaction.Datum
    │   ~
    │
    └─ test/support/redeem_bridge_support.ex:10:3

Transaction CBOR for UPLC Evaluation: "84A500D9010281825820425ACB2F94AAFC673DA782E6F23325D2FD252C2C312CDD25B1B89B56A821FA2600018282581D6024B935A7AE9F9C68EE742B31860BBFA324965E46F64CB32195A93179821A000FC8A0A1581C465209195F27C99DFEFDCB725E939AD3262339A9B150992B66673BE8A144564F4C411A000F424082581D6024B935A7AE9F9C68EE742B31860BBFA324965E46F64CB32195A93179821B000000024408E077A1581C465209195F27C99DFEFDCB725E939AD3262339A9B150992B66673BE8A144564F4C411A001E1B08021A000186A009A1581C465209195F27C99DFEFDCB725E939AD3262339A9B150992B66673BE8A144564F4C411A000F42400B58200E5751C026E543B2E8AB2EB06099DAA1D1E5DF47778F7787FAAB45CDF12FE3A8A300D901028182581C24B935A7AE9F9C68EE742B31860BBFA324965E46F64CB32195A9317958400000000000000000000000000000000000000000000000000000000000000000000000000000000000000000000000000000000000000000000000000000000005A182010082D8798082000007D90102815878587601010029800ABA2ABA1AAB9EAAB9DAB9CAB9A48888896600264653001300700198039804000CC01C0092225980099B8748000C020DD500144C9289BAE300A3009375400516401830070013004375400F149A2A660049211856616C696461746F722072657475726E65642066616C7365001365640041F5F6"
Transaction CBOR for UPLC Evaluation: "84A500D9010281825820425ACB2F94AAFC673DA782E6F23325D2FD252C2C312CDD25B1B89B56A821FA2600018282581D6024B935A7AE9F9C68EE742B31860BBFA324965E46F64CB32195A93179821A000FC8A0A1581C465209195F27C99DFEFDCB725E939AD3262339A9B150992B66673BE8A144564F4C411A000F424082581D6024B935A7AE9F9C68EE742B31860BBFA324965E46F64CB32195A93179821B00000002440780E7A1581C465209195F27C99DFEFDCB725E939AD3262339A9B150992B66673BE8A144564F4C411A001E1B08021A0002E63009A1581C465209195F27C99DFEFDCB725E939AD3262339A9B150992B66673BE8A144564F4C411A000F42400B58200E5751C026E543B2E8AB2EB06099DAA1D1E5DF47778F7787FAAB45CDF12FE3A8A300D901028182581C24B935A7AE9F9C68EE742B31860BBFA324965E46F64CB32195A9317958400000000000000000000000000000000000000000000000000000000000000000000000000000000000000000000000000000000000000000000000000000000005A182010082D8798082000007D90102815878587601010029800ABA2ABA1AAB9EAAB9DAB9CAB9A48888896600264653001300700198039804000CC01C0092225980099B8748000C020DD500144C9289BAE300A3009375400516401830070013004375400F149A2A660049211856616C696461746F722072657475726E65642066616C7365001365640041F5F6"
Transaction CBOR for UPLC Evaluation: "84A500D901028182582072AFCE874BA4EFCA3A9419BBB3F8DAAB8063CD6EF42C4EF95020D32329368B4C000182A300581D709131EDFF42AE6FF4CB1B7BAA68D5617FFF69015CA30CD6816E85A8A401821A001BD19AA1581C9131EDFF42AE6FF4CB1B7BAA68D5617FFF69015CA30CD6816E85A8A4A154766F6C615F6272696467655F73657474696E677301028201D81858A2D8799F581CE3943E350A7998181F162E14A58E7E2FF839C4D18E7ABD1C253A78269F581C99EF2FD50BF0A96CA52A0C6406BD37956A17480E04AFCD6B327F64DB581CCE3A2431C4D5EC68EE0601477CB60C7DB73897A82719CB9DE0BC1334581C6D5C5C3C16BE011F3FF9062B28C473C550736D566238AC77595E573EFF581C465209195F27C99DFEFDCB725E939AD3262339A9B150992B66673BE844564F4C4102FF82583900532EF50EB660D7A8839541AED50239AC89A2905C44D9A011BADBB7AD808E633D64086FEBAB65C3B403F4B7B6137ADD84969263A2474BC2621A002EF306021A000186A009A1581C9131EDFF42AE6FF4CB1B7BAA68D5617FFF69015CA30CD6816E85A8A4A154766F6C615F6272696467655F73657474696E6773010B58200E5751C026E543B2E8AB2EB06099DAA1D1E5DF47778F7787FAAB45CDF12FE3A8A300D901028182581C532EF50EB660D7A8839541AED50239AC89A2905C44D9A011BADBB7AD58400000000000000000000000000000000000000000000000000000000000000000000000000000000000000000000000000000000000000000000000000000000005A182010082D8798082000007D901028159079F59079C010100333332222229800ABA4ABA2ABA1ABA0AAB9FAAB9EAAB9DAB9CAB9A9BAE0069BAD0059BAE0049BAE0039BAE00248888888888888A60022A6600E921AE6578706563742053657474696E6773446174756D207B0A2020202020207369676E6572732C0A20202020202072657175697265645F7369676E6572735F636F756E742C0A2020202020206272696467655F746F6B656E5F706F6C6963795F69642C0A2020202020206272696467655F746F6B656E5F61737365745F6E616D652C0A2020202020202E2E0A202020207D3A2053657474696E6773446174756D203D2073657474696E67735F6461746100168A99803A49B165787065637420536F6D65284F7574707574207B0A202020202020616464726573733A2041646472657373207B207061796D656E745F63726564656E7469616C3A205363726970742873657474696E67735F63726564292C202E2E207D2C0A202020202020646174756D3A20496E6C696E65446174756D2873657474696E67735F64617461292C0A2020202020202E2E0A202020207D29203D206C6973742E686561642873656C662E6F7574707574732900168A99803A4962657870656374205B50616972286D696E745F61737365745F6E616D652C20717479295D203D0A2020202020206173736574732E746F6B656E732873656C662E6D696E742C20706F6C6963795F696429207C3E20646963742E746F5F70616972732829001648896600264653001301100198089809000CDC3A400130110024888966002600460226EA800E26464B3001001804C4C96600260320051329800992CC004006298103D87A8000898011980C980D000A5EB810181BAC3019301A301A3016375400B375A602C005375C602A0049112CC004C024C060DD5001C4C8CC896600266E1D2002301B37540031325980099B8748010C070DD5001C4C9660020031598009807180E9BAA0018992CC00400602D13259800800C05E02F01780BC4CC89660020030198992CC00400603501A899912CC00400603913259800800C07603B01D80EC4CC896600200301F8992CC004006041020810408226644B300100181144C966002003023811C08E264B3001303100389919800800805912CC0040062B3001301F302E37546466446600400400244B30010018A6103D87A80008992CC004CDD7981B18199BAA0010048980F1981A800A5EB82266006006606E0048180C0D40050331BAC30333030375403E6034660626EA40ACCC0C4DD401525EB822B30015980099B8F01301D8A518A99816A492273657474696E67735F63726564203D3D20706F6C6963795F6964203F2046616C73650014A081622B30015980099B870184800A29462A6605A92110717479203D3D2031203F2046616C73650014A081622B30015980099B8F0170298A518A99816A49256D696E745F61737365745F6E616D65203D3D2061737365745F6E616D65203F2046616C73650014A081622B30015980099B893370066E0CC8CC0040040348966002003148002266E01200233002002303500140C890022400400714A3153302D4913572657175697265645F7369676E6572735F636F756E74203E3D20746F745F7369676E657273202F2032202B2031203F2046616C73650014A081622B30015980099B8F0280098A518A99816A4933625F746F6B656E5F706F6C6963795F6964203D3D206272696467655F746F6B656E5F706F6C6963795F6964203F2046616C73650014A081622B30013371E04E00D14A3153302D49012F625F61737365745F6E616D65203D3D206272696467655F746F6B656E5F61737365745F6E616D65203F2046616C73650014A08162294102C452820588A5040B114A08162294102C454CC0B524018C65787065637420536F6D65285F29203D0A2020202020207472616E73616374696F6E2E66696E645F696E707574280A202020202020202073656C662E696E707574732C0A20202020202020204F75747075745265666572656E6365207B207472616E73616374696F6E5F69643A2074785F69642C206F75747075745F696E646578207D2C0A20202020202029001640B113259800800C09E04F027813C4C8CC010010C0D400CDD7000A06A303200140C102440B86EB40060468188C0B800502C1BAE001302D00240B860560028148DD700098150012056302800140986EB0004C09C00A03501A40A0604A0028118DD70009812001204A30220014080603C6EA800602A80DA02B01580AC0550231810180E9BAA003809A034375C603E60386EA800602480C8C074C078C078004C074C068DD5180E800980C9BAA301C3019375400700F4058374A90004029016180B800A02A323233001001375660306032603260326032602A6EA8010896600200300389919912CC004CDC8803801456600266E3C01C00A20030064059133005005301D00440586EB8C058004DD5980B800980C800A02E14BD6F7B6301BAE30153012375400716403C3011001300C3754025149A2A660149211856616C696461746F722072657475726E65642066616C73650013656402426122582072AFCE874BA4EFCA3A9419BBB3F8DAAB8063CD6EF42C4EF95020D32329368B4C004C010100004C011554766F6C615F6272696467655F73657474696E6773004C011E581C465209195F27C99DFEFDCB725E939AD3262339A9B150992B66673BE8004C010544564F4C410001F5F6"
Transaction CBOR for UPLC Evaluation: "84A500D901028182582072AFCE874BA4EFCA3A9419BBB3F8DAAB8063CD6EF42C4EF95020D32329368B4C000182A300581D709131EDFF42AE6FF4CB1B7BAA68D5617FFF69015CA30CD6816E85A8A401821A001BD19AA1581C9131EDFF42AE6FF4CB1B7BAA68D5617FFF69015CA30CD6816E85A8A4A154766F6C615F6272696467655F73657474696E677301028201D81858A2D8799F581CE3943E350A7998181F162E14A58E7E2FF839C4D18E7ABD1C253A78269F581C99EF2FD50BF0A96CA52A0C6406BD37956A17480E04AFCD6B327F64DB581CCE3A2431C4D5EC68EE0601477CB60C7DB73897A82719CB9DE0BC1334581C6D5C5C3C16BE011F3FF9062B28C473C550736D566238AC77595E573EFF581C465209195F27C99DFEFDCB725E939AD3262339A9B150992B66673BE844564F4C4102FF82583900532EF50EB660D7A8839541AED50239AC89A2905C44D9A011BADBB7AD808E633D64086FEBAB65C3B403F4B7B6137ADD84969263A2474BC2621A002C016C021A0004783A09A1581C9131EDFF42AE6FF4CB1B7BAA68D5617FFF69015CA30CD6816E85A8A4A154766F6C615F6272696467655F73657474696E6773010B58200E5751C026E543B2E8AB2EB06099DAA1D1E5DF47778F7787FAAB45CDF12FE3A8A300D901028182581C532EF50EB660D7A8839541AED50239AC89A2905C44D9A011BADBB7AD58400000000000000000000000000000000000000000000000000000000000000000000000000000000000000000000000000000000000000000000000000000000005A182010082D8798082000007D901028159079F59079C010100333332222229800ABA4ABA2ABA1ABA0AAB9FAAB9EAAB9DAB9CAB9A9BAE0069BAD0059BAE0049BAE0039BAE00248888888888888A60022A6600E921AE6578706563742053657474696E6773446174756D207B0A2020202020207369676E6572732C0A20202020202072657175697265645F7369676E6572735F636F756E742C0A2020202020206272696467655F746F6B656E5F706F6C6963795F69642C0A2020202020206272696467655F746F6B656E5F61737365745F6E616D652C0A2020202020202E2E0A202020207D3A2053657474696E6773446174756D203D2073657474696E67735F6461746100168A99803A49B165787065637420536F6D65284F7574707574207B0A202020202020616464726573733A2041646472657373207B207061796D656E745F63726564656E7469616C3A205363726970742873657474696E67735F63726564292C202E2E207D2C0A202020202020646174756D3A20496E6C696E65446174756D2873657474696E67735F64617461292C0A2020202020202E2E0A202020207D29203D206C6973742E686561642873656C662E6F7574707574732900168A99803A4962657870656374205B50616972286D696E745F61737365745F6E616D652C20717479295D203D0A2020202020206173736574732E746F6B656E732873656C662E6D696E742C20706F6C6963795F696429207C3E20646963742E746F5F70616972732829001648896600264653001301100198089809000CDC3A400130110024888966002600460226EA800E26464B3001001804C4C96600260320051329800992CC004006298103D87A8000898011980C980D000A5EB810181BAC3019301A301A3016375400B375A602C005375C602A0049112CC004C024C060DD5001C4C8CC896600266E1D2002301B37540031325980099B8748010C070DD5001C4C9660020031598009807180E9BAA0018992CC00400602D13259800800C05E02F01780BC4CC89660020030198992CC00400603501A899912CC00400603913259800800C07603B01D80EC4CC896600200301F8992CC004006041020810408226644B300100181144C966002003023811C08E264B3001303100389919800800805912CC0040062B3001301F302E37546466446600400400244B30010018A6103D87A80008992CC004CDD7981B18199BAA0010048980F1981A800A5EB82266006006606E0048180C0D40050331BAC30333030375403E6034660626EA40ACCC0C4DD401525EB822B30015980099B8F01301D8A518A99816A492273657474696E67735F63726564203D3D20706F6C6963795F6964203F2046616C73650014A081622B30015980099B870184800A29462A6605A92110717479203D3D2031203F2046616C73650014A081622B30015980099B8F0170298A518A99816A49256D696E745F61737365745F6E616D65203D3D2061737365745F6E616D65203F2046616C73650014A081622B30015980099B893370066E0CC8CC0040040348966002003148002266E01200233002002303500140C890022400400714A3153302D4913572657175697265645F7369676E6572735F636F756E74203E3D20746F745F7369676E657273202F2032202B2031203F2046616C73650014A081622B30015980099B8F0280098A518A99816A4933625F746F6B656E5F706F6C6963795F6964203D3D206272696467655F746F6B656E5F706F6C6963795F6964203F2046616C73650014A081622B30013371E04E00D14A3153302D49012F625F61737365745F6E616D65203D3D206272696467655F746F6B656E5F61737365745F6E616D65203F2046616C73650014A08162294102C452820588A5040B114A08162294102C454CC0B524018C65787065637420536F6D65285F29203D0A2020202020207472616E73616374696F6E2E66696E645F696E707574280A202020202020202073656C662E696E707574732C0A20202020202020204F75747075745265666572656E6365207B207472616E73616374696F6E5F69643A2074785F69642C206F75747075745F696E646578207D2C0A20202020202029001640B113259800800C09E04F027813C4C8CC010010C0D400CDD7000A06A303200140C102440B86EB40060468188C0B800502C1BAE001302D00240B860560028148DD700098150012056302800140986EB0004C09C00A03501A40A0604A0028118DD70009812001204A30220014080603C6EA800602A80DA02B01580AC0550231810180E9BAA003809A034375C603E60386EA800602480C8C074C078C078004C074C068DD5180E800980C9BAA301C3019375400700F4058374A90004029016180B800A02A323233001001375660306032603260326032602A6EA8010896600200300389919912CC004CDC8803801456600266E3C01C00A20030064059133005005301D00440586EB8C058004DD5980B800980C800A02E14BD6F7B6301BAE30153012375400716403C3011001300C3754025149A2A660149211856616C696461746F722072657475726E65642066616C73650013656402426122582072AFCE874BA4EFCA3A9419BBB3F8DAAB8063CD6EF42C4EF95020D32329368B4C004C010100004C011554766F6C615F6272696467655F73657474696E6773004C011E581C465209195F27C99DFEFDCB725E939AD3262339A9B150992B66673BE8004C010544564F4C410001F5F6"
Transaction CBOR for UPLC Evaluation: "84A500D9010281825820CD3BA70FC02F3B55277A73C7B8E86CCA08E01EF5D26B13BD51C07D4117382B8301018182581D6024B935A7AE9F9C68EE742B31860BBFA324965E46F64CB32195A93179821B0000000243E775C7A1581C465209195F27C99DFEFDCB725E939AD3262339A9B150992B66673BE8A144564F4C411A001E1B08021A000186A004D9010281850D8201581CE3943E350A7998181F162E14A58E7E2FF839C4D18E7ABD1C253A7826581C7301761068762F5900BDE9EB7C1C15B09840285130F5B0F53606CC5781021A001E84800B58200E5751C026E543B2E8AB2EB06099DAA1D1E5DF47778F7787FAAB45CDF12FE3A8A300D901028182581C24B935A7AE9F9C68EE742B31860BBFA324965E46F64CB32195A9317958400000000000000000000000000000000000000000000000000000000000000000000000000000000000000000000000000000000000000000000000000000000005A182020082D8798082000007D901028159279F59279C010100332229800ABA4ABA2ABA1ABA0AAB9FAAB9EAAB9DAB9CAB9A9BAE0039BAE00248888888888A60022A660089217865787065637420285B5F5D2C2072656D61696E696E675F76616C69645F7369676E65727329203D0A20202020202020206C6973742E706172746974696F6E2876616C69645F7369676E6572732C20666E287329207B2073203D3D2063727970746F2E626C616B6532625F323234287369676E657229207D2900168A99802249F565787065637420536F6D65284F7574707574207B0A20202020202020202020616464726573733A2041646472657373207B0A2020202020202020202020207061796D656E745F63726564656E7469616C3A20536372697074286368616E67655F6272696467655F63726564292C0A2020202020202020202020202E2E0A202020202020202020207D2C0A2020202020202020202076616C75653A206368616E67655F76616C2C0A202020202020202020207265666572656E63655F7363726970743A204E6F6E652C0A202020202020202020202E2E0A20202020202020207D29203D206C6973742E68656164286F7574707574732900168A99802249556578706563742066696E6765727072696E743A204C6973743C28566572696669636174696F6E4B6579486173682C20427974654172726179293E203D0A202020202020202066696E6765727072696E745F6461746100168A99802249326578706563742063657274696669636174653A204365727469666963617465203D2063657274696669636174655F6461746100168A998022493C65787065637420427269646765446174756D207B20616D6F756E742C202E2E207D3A20427269646765446174756D203D206272696467655F6461746100168A99802249FF65787065637420536F6D65284F7574707574207B0A20202020202020202020616464726573733A2041646472657373207B0A2020202020202020202020207061796D656E745F63726564656E7469616C3A20536372697074286F75745F6272696467655F7061795F63726564292C0A2020202020202020202020202E2E0A202020202020202020207D2C0A2020202020202020202076616C75653A206F75745F76616C2C0A20202020202020202020646174756D3A20496E6C696E65446174756D286272696467655F64617461292C0A202020202020202020202E2E0A20202020202020207D29203D206C6973742E686561642873656C662E6F757470757402732900168A99802249E765787065637420536F6D6528496E707574207B0A2020202020206F75747075743A204F7574707574207B20646174756D3A20496E6C696E65446174756D2873657474696E67735F64617461292C202E2E207D2C0A2020202020202E2E0A202020207D29203D0A2020202020206C6973742E66696E64280A202020202020202073656C662E7265666572656E63655F696E707574732C0A2020202020202020666E286929207B206173736574732E6861735F616E795F6E667428692E6F75747075742E76616C75652C2073657474696E67735F706F6C6963795F696429207D2C0A2020202020202900168A9980224959657870656374205B50616972286272696467655F61737365745F6E616D652C206D696E745F717479295D203D0A2020202020206765745F6D696E7465645F76616C75652873656C662E6D696E742C20706F6C6963795F69642900168A998022491C72656465656D65723A204272696467654D696E7452656465656D657200168A998022492E6578706563742073657474696E67733A2053657474696E6773446174756D203D2073657474696E67735F6461746100168A99802249E265787065637420536F6D6528496E707574207B0A2020202020206F75747075743A204F7574707574207B20646174756D3A20496E6C696E65446174756D2873657474696E67735F64617461292C202E2E207D2C0A2020202020202E2E0A202020207D29203D0A2020202020206C6973742E66696E64280A20202020202020207265666572656E63655F696E707574732C0A2020202020202020666E286929207B206173736574732E6861735F616E795F6E667428692E6F75747075742E76616C75652C2073657474696E67735F706F6C6963795F696429207D2C0A2020202020202900168A998022491C72656465656D65723A2057697468647261775369676E6174757265730016488888888888966003300130123754031230163017301730170019180B180B980B800CDC3A4001230163017301730173017301730170019BA5480024464660020020064466006002600400523016301730173017301700191111919800800802912CC00400626603466EC0DD48029BA60044BD6F7B63044CA60026EB8C0600066EACC064006603A0049112CC004CDC8004801C4CC078CDD81BA9009374C01000B15980099B8F0090038CC00402600500891980F99BB037520146E9800400A2002803A26603C66EC0DD48019BA600233006006001406480C8603600280CA4602C602E003223232330010010042259800800C00E2646644B30013372200E00515980099B8F0070028800C01901744CC014014C0780110171BAE301700137566030002603400280C052F5BDED8C1370E90014DD2A4005370E90022444444444444453001302400E98118074966002601860406EA80062946294101E488C8CC00400400C896600200314C103D87A80008992CC004CDD78021812000C4C038CC09CC0940052F5C113300300330290024088604E002812A444B3001300E3022375400713259800800C00A264B3001001801C00E007003899912CC00400600B13259800800C01A00D1332259800800C022264B3001001804C026013009899912CC00400601713259800800C03201900C80644CC896600200300E8992CC00400601F00F807C4C966002606C00713301A00A2259800801404E264B3001001809C04E0270138991801981D0021BAE00140E8606E00481AA0208198DD6800C03D0361819800A062375C00260640048198C0C000502E1BAE001302F00240C0605A0028158DD60009816001401A00C8168C0A80050281BAE001302900240A8604E0028128C08CDD5001C00502048C8CC004004008896600200314BD6F7B63044CA60026EB8C08C0066EACC0900066600600660500049112CC00400A2A6604A92124657870656374205061697228702C205B5F2C202E2E5D206173207829203D20696E6E657200168CC004006007323200432330010010042259800800C5268992CC0040062B30013004375A6056605C005149A2A6605292011F76616C756520646F65736E2774207361746973667920707265646963617465001640A1133225980099B90375C60580046EB8C0B00062B30013006375A605A0051330050053302F00130310038A99815A491F76616C756520646F65736E2774207361746973667920707265646963617465001640A9153302B491276B65797320696E207061697273206172656E277420696E20617363656E64696E67206F72646572001640A8605C004605C0028160C0B800502B14C004C04C0069429450254888894CC0A9240127756E6578706563746564206475706C6963617465206B657920666F756E6420696E20646963742E001640348140604C0028122444B30010028A508994C004C966002602060486EA800626EB4C094C0A0DD5981418129BAA0018A40008110C09C0066EBCC09CC0A00066EAC00D22259800800C566002600400D13300500348002294102444C96600266EBCC09C0053010140008ACC004CC018010DD6981418159BAB3028001898019BA6302C0028A5040951598009980300224001130030078A5040948128C0A80050280CA60020030049119814001198141BA60014BD7020022225980080144CC005300103D87A80004BD6F7B63044CA60026EB8C0980066EACC09C00660560069112CC004CDC8A441000038ACC004CDC7A441000038998029809998161BA60024BD70000C4CC015300103D87A8000006409D19800803C006446600E0046605C66EC0DD48029BA6004001401C81386052004813A294229422941028496600200314C0103D87A800089805198119812000A5EB81022488C8CC004004CC01C00C008896600200314A11323259800998020021815001C528C4C024DD698130012046375C6048002604E002812A44646600200200644B30010018A6103D87A80008992CC004C0100062601C6604E00297AE0899801801981480120443027001409491111111111919912CC004C06000A264B3001002899912CC004C06C0062B30013030375400900281120628ACC004C04C0062B3001303037540090028112062811205A40B4264B300100181144C96600260680051325980099B8F375C606000405913259800980E98189BAA0018992CC004C050C0C8DD5000C4C96600200319800800C56600266E3CDD7181B981A1BAA0010078ACC004C07CC0CCDD50044566002602E009132598009810181A1BAA001899194C004DD5981D000CC0E8C0EC0066074606E6EA8C0E800922259800980E981C9BAA0018992CC004C070C0E8DD5001C4C9660020031598009813981D9BAA0018992CC00400606713259800800C0D2069034899912CC00400606D13259800800C0DE06F03781BC4CC89660020030398992CC00400607503A81D44C9660026092007159800ACC006600201D374C60406608E66EC0DD480C1BA633047337606EA41013010101004BD6F7B6301982399BB03031304537540246E98CC11CCDD8181918229BAA012375000E97ADEF6C604BD6F7B630488CDC4800801203E8A518A99821A4813C6173736574732E6D61746368286F75745F76616C2C2065787065637465645F6F75745F6272696467655F76616C75652C203E3D29203F2046616C73650014A082122B30013371E01603114A315330434901286F75745F6272696467655F7061795F63726564203D3D20706F6C6963795F6964203F2046616C73650014A08212294104240ED0461BAD00181D2092304600141106EB8004C1140090461821800A082375A0026084005034410C608000281F0C0F0DD5000C0C903940CA0650328192082303E303B375400703040E06EB8C0F4C0E8DD5000C0BD0370C0E8004C0D4DD5181C181A9BAA0018152064300D3758604060686EA804E2A6606492114657870656374206D696E745F717479203D3D2031001640C515980099B880044800226024660226EACC078C0D0DD5009980B1981B1BA90074BD70454CC0C9240113657870656374206D696E745F717479203C2030001640C4818A2A660649212D6578706563742073657474696E67732E6272696467655F706F6C6963795F6964203D3D20706F6C6963795F6964001640C50254041025812C09604A81C8C0D8C0CCDD5000C09D030181A981B181B18191BAA3035303630323754606A60646EA800604C8178CC020DD6180B18189BAA01023300A3756602E60646EA8C05CC0C8DD5000817454CC0BD24137657870656374206272696467655F61737365745F6E616D65203D3D206272696467655F76616C696461746F725F61737365745F6E616D65001640B86EB4C0C00060468188C0C8005030198091BAB3015302E375401A002605A6EA800A04102081040810331BAE3030302D3754007159800980800144C8CC88C038CC034DD5980D18181BAA00F303330303754606660606EA8C8CC004004DD6181A18189BAA0102259800800C5A264B30013375E606C60666EA80040162603060666EA8006266006006606E0048180C0D400503318188009818981900098169BAA0038ACC004C03800A264B300100280EC0762646602E00244B3001002899194C004DD6181B181B800CCC028DD6181B0009198061BAB301930343754603260686EA80040C26EB0C0D8009222598009810981A9BAA0028992CC004C060C0D8DD5000C4C96600200319800800C5660026036606E6EA802E3300137009000C8896600266E2400920008800C6600200733708004900A4CDC599B803370A004900A240C0002801903848966002003149A264B30010018A4D1325980099B90375C6076607E0066EB8C0EC0062660080086607C0026080005153303A4901326B65797320696E206173736F63696174697665206C697374206172656E277420696E20617363656E64696E67206F72646572001640E4607C00281E0C0F800503B48888C8CC004004014896600200310058992CC004006266008608400400D1330053042002330030030014100608400281FA4446466446600400400244B3001001801C4C8CC896600266E4401C00A2B30013371E00E0051001803207C8998028029822802207C375C607C0026EB4C0FC004C10400503F198100020018A4001375C607660706EA802E6EB8C090C0E0DD5000CDD71812981C1BAA001488888888C8C8C8CC88CC89660026466453001002800CDD698269827002A0042223259800981B9BAD304F30500018ACC004DD61827800C528C54CC129241124272696467654E6F4E656564496E707574730016413513259800800C54CC12D2410E4E6F427269646765496E70757473001689919912CC004CDC3801003456600266EBCDD3800A610180008ACC004C8CC004004028896600200314A3159800992CC006600266EBCC158C14CDD5182B18299BAA001303533055375202C97AE0A50A51414119800998159BAB30383053375400202D4A14A282822941050182A800C4CC008008C158006294104F20A68A518A99827249556C6973742E616C6C286F7574707574732C206D7573745F6E6F745F686176655F6272696467655F6F7574707574285F2C206272696467655F76616C696461746F725F706F6C6963795F69642929203F2046616C73650014A0826A2A6609C9211865787065637420726573745F696E70757473203D3D205B5D0016413515980099B880060028992CC004C0F0C140DD5000C4C8CA60026EACC15800660AC60AE60AE00330563053375460AC0049112CC004C0E4C154DD5000C4C966002607460AC6EA800E264A660AC9210D42726964676520494E2076616C00153305637326602A6EA002922100153305649110436C61696D7320746F2066756C66696C00153305637326602A6EA003922100153305649108455850454354454400153305637326602A6E980052210015330564910A4368616E67652056616C00153305637326602A6E9801522100159800ACC004CDC780100DC528C54CC1592401386368616E67655F6272696467655F63726564203D3D206272696467655F76616C696461746F725F706F6C6963795F6964203F2046616C73650014A082AA2B30019800802CDD3000C8928A0648A518A9982B2481436173736574732E6D61746368286368616E67655F76616C2C2065787065637465645F61737365742C20666E285F2C205F29207B2054727565207D29203F2046616C73650014A082AA2941055192CC004C10C006201719800805C06A64640046026002660B466EC0DD480C9BA80014BD6F7B630488888C966002B30010018A518A50417D00289801800A0B632330010010052259800800C4CC184CDD81BA9020375001097ADEF6C608994C004DD7182F800CDD69830000CC1900092225980099B9002400389983299BB037520486EA00300162B30013371E048007132598009827800C400A2660CC66EC0DD48129BA8001002418466E000080322660CA66EC0DD48019BA8002330060060014180830060C4002830103E20AA337029000006C1410541BAE30593056375400304F414C30560013051375460A860A26EA80060948270C0A402633001008800CCDC080300120104134826A6002003010807A0243052002375660A060A2609A6EA8C140C144C134DD51828000A09C3758609E0028248CC134DD3801198269BA80014BD701919800800991980080080A912CC004006297AE0899912CC004C96600266EBCC144C138DD5182898271BAA001303033050375202297AE08ACC004C0C660026EACC0CCC138DD5000C046092809229462A660989201926578706563740A202020202020202020206173736574732E6861735F6E6674280A2020202020202020202020206F2E76616C75652C0A2020202020202020202020206272696467655F76616C696461746F725F706F6C6963795F69642C0A2020202020202020202020206272696467655F76616C696461746F725F61737365745F6E616D652C0A20202020202020202020290016412D14A08258C140C144C134DD500144CC13C008CC0100100062660080080028250C138004C13C00504C112CC004006297AE08991919800800998020021828001912CC00400626609E00697AE08992CC004CDD799912CC004CDC4001000C530103D87980008ACC004CDC40008014530103D87B80008A6103D87A80004134826A60026EACC0CCC138DD5181998271BAA001808403D0124C004DD5981998271BAA3033304E3754009010807A0244C103D879800089982800200144CC140004CC00C00CC14800904B1828000A09C304D001412C6EB0C12800A29462A6608A92019469735F636F72726563745F6272696467655F696E70757473286272696467655F696E707574732C206368616E67655F6F7574707574732C20766F6C615F746F6B656E5F706F6C6963795F69642C20766F6C615F746F6B656E5F61737365745F6E616D652C206272696467655F76616C696461746F725F706F6C6963795F69642C20746F745F636C61696D7329203F2046616C73650014A08220CA6002003002809D2000400444446464B30010018998269BA70043304D375000697AE08992CC0040062A660949210E4E6F4F7574707574436C61696D7300168CC004DD618278014C130DD51827800CC14000A60A000291114C004DD698298024C14CC15001260A6007375660A660A8006911119299829A490B436C61696D7320414444520015330533732660240089110015330534911E3D3D3D3D3D3D3D3D3D3D3D3D3D3D3D3D3D3D3D3D3D3D3D3D3D3D3D3D3D3D001533053491084F555420414444520015330533732660240069110015330534911A3D3D3D3D3D3D3D3D3D3D3D3D3D3D3D3D3D3D3D3D3D3D3D3D3D3D0015330534910E45787065637465642061737365740015330533732660246E980052210015330534911E3D3D3D3D3D3D3D3D3D3D3D3D3D3D3D3D3D3D3D3D3D3D3D3D3D3D3D3D3D3D001533053491074F55542056414C0015330533732660246E980092210015330534911E3D3D3D3D3D3D3D3D3D3D3D3D3D3D3D3D3D3D3D3D3D3D3D3D3D3D3D3D3D3D00159800ACC0056600266EBC01000E29462A660A69211861646472203D3D206F75745F61646472203F2046616C73650014A082922B300198008014DD3000C88CDC4800801205E8A518A99829A481316173736574732E6D61746368286F75745F76616C2C2065787065637465645F61737365742C203E3D29203F2046616C73650014A0829229410524660020210078034CDC0006802A0208A99829A4816B65787065637420616E64207B0A202020202020202020202861646472203D3D206F75745F61646472293F2C0A202020202020202020206173736574732E6D61746368286F75745F76616C2C2065787065637465645F61737365742C203E3D293F2C0A20202020202020207D00164148605E660AC66EC0DD480B1BA633056337606EA4054DD400225EB7BDB1812F5BDED8C0209A3758609C609E0048260DD61826800998259BA70033304B374E00497AE0300B00B3001001323298009824000CDD59824182498249824800C88C8C8CC004004010896600200300389919912CC004CDC8803801456600266E3C01C00A2606C6609E00297AE0803209489980280298288022094375C60940026096002609A0028258530103D87A8000911192CC004C0D0006264B3001001801C4C9660020030048024012009132598009828001C01A00A8268DD7000A0A0304D001412C60926EA80122B3001302C0018992CC00400600713259800800C01200900480244C96600260A0007006802A09A375C0028280C13400504B18249BAA004801208C4118608E6EA800E6EB0C12000922222323300100101D2259800800C52F5C113304E374E64646644B3001303B304F375400513259800800C4C966002607A60A26EA800A264B300100182544C96600200313259800800C132264B3001001826C13609B1332259800800C13E264B300100182841420A11332259800800C14A264B3001001829C14E0A7053899912CC0040060AB13259800800C56600260C60051598009825182F1BAA00C8992CC0040060AF13259800800C1620B105882C44CC896600200305A8992CC0040060B705B82DC4C96600260D2007159800982818321BAA0078992CC0040060BB13259800800C4C96600200305F8992CC0040062B3001306D0028CC00400E264B300130550018992CC0040060C513259800800C56600260E000513259800982C000C4C9660020030658992CC0040062B300130730028CC00400603D066409D06641C1066833419A0CC83A0C1C400506F18369BAA0028ACC004C140006264B3001001832C4C966002003066833419A26644B300100183444C966002003069834C1A626644B3001001835C4C96600200306C83641B2264B3001307A003812C1B50771BAD00183620F4307700141D46EB4004C1D800A0D283B8C1D00050721BAD001307300283320E8307100141BC60DA6EA800A0C8835106A18359BAA001831A0DA831C18E0C706341C460DC0028360C1A8DD50014566002609A00315980098351BAA00280CC18506B418506720CE30683754003060408506041A906083041820C08370C1AC0050691835801417A0BD05E82F20D83069001419C60CA6EA801E0B883120B88330DD6800C16D0691833000A0C8375C00260CA0048330C18C005061182F9BAA00C82B20B882B20C082B415A0AD056419060C200282F8DD7000983000120C2305E00141706EB4004C17400A0A082F0C16C0050591BAD001305A002826A0B63058001415860B000504B825C12E09682C8C15800505418291BAA002824A09E13259800981E98289BAA0018992CC00400609704B8991981E000912CC00400A2B3001598009820982A9BAA323302E00E23375E60B660B06EA8004008C164C158DD500344C8CC8966002607800513259800981E982C9BAA303F305A3754607E60B46EA8056266E2000400A266E240040090571BAD305C30593754007159800981D00145284528A0AC415860AC6EA8004DD6981E182B9BAA007305930563754607660AC6EA80462A660A892013A65787065637420536F6D65285F29203D207472616E73616374696F6E2E66696E645F696E70757428696E707574732C20636572742E7574786F290016414D159800994C0040066EB0C0F0C15CDD50104DD6981F182B9BAA020802200222223232598009823800C528C4C96600200314A113298009BAE30610019BAE3061306200198310012444B30019800801C052004B9544C8CC896600200305E8ACC004C1A00063300100E8014C0B002600880720BC83290651BAC30653066001375860CA002646600200201644B30010018A5EB8410180008101800044CA60026EB0C19C0066EB0C19CC1A00066EB8C19C0092225980099B8F0013790013133069374E660D26EA400400CCC1A4DD380125EB822660D26E9C00CCC1A4DD3998349BA90010024BD7020C8198010011833800A0C88A9982FA493F6578706563742063727970746F2E7665726966795F656432353531395F7369676E6174757265287369676E65722C20646174756D5F686173682C207369672900164178375860C000282F0DD6182F983000120B2375A60BC002660B86EA0008CC170DD3800A5EB822660B0608460AC6EA8018CC160C0F4C158DD500325EB822A660A89201A76578706563740A20202020202020206861735F636F72726563745F7369676E657273280A2020202020202020202063657274696669636174655F686173682C0A2020202020202020202073657474696E67732E7369676E6572732C0A2020202020202020202073657474696E67732E72657175697265645F7369676E6572735F636F756E742C0A2020202020202020202066696E6765727072696E742C0A2020202020202020290016414D1533054491406578706563742069735F76616C69645F63657274696669636174652863657274696669636174652C20696E707574732C2076616C69646974795F72616E6765290016414D13259800800C13E09F13259800800C142264B3001001828C1460A3051899912CC0040060A713259800800C1520A905482A44C96600260C200713008306100982AA0BC375C0028308C17800505C1BAE001305D002417860B600282C8DD6000C13E09E82E0C1640090571BAC001825C12D058182A98291BAA0018A998282493F65787065637420536F6D652866696E6765727072696E745F6461746129203D20646963742E67657428646174756D732C207369675F646174615F68617368290016413C66014016005048824412209082B0C14CC140DD5001454CC13924014265787065637420536F6D652863657274696669636174655F6461746129203D20646963742E67657428646174756D732C2063657274696669636174655F6861736829001641346600E0100026EB8C144C148008DD718280009BAC304F001330020023050001413430483048304830483048304830480013043375404444464B30010038991919911980480119B8A48901280059800800C4CDC52441035B5D2900006899B8A489035B5F20009800800CCDC52441025D2900006914C00402A00530070014029229800805400A002805100F20965980099B880014803A266E0120F2010018ACC004CDC4000A41000513370066E01208014001480362C82290451BAC3048002375A608C0026466EC0DD418230009BA73047001375400713259800800C4CDC52441027B7D00003899B8A489037B5F20003232330010010032259800800C400E264B30010018994C00402A6096003337149101023A200098008054C13000600A805100A182700144CA6002015304B00199B8A489023A200098008054C130006600E66008008004805100A18270012098304E001412C66E29220102207D0000341206EAC00E264B3001001899B8A489025B5D00003899B8A489035B5F20009800800CCDC52441015D00003914C00401E0053004001401D229800803C00A002803900C20903758007133005375A0060051323371491102682700329800800CC040DC68014CDC52450127000044004444B30013371000490004400626466453001006980A802CCDC599B800025980099B88002480522903045206E412866E2CCDC0000ACC004CDC4000A4029148182290372094004401866E0C00520203370C002901019B8E004002411C6EB800D04B1B8A4881022C200022323300100100322598009818000C4CDC52450130000038ACC004CDC4000A40011337149101012D0033002002337029000000C4CC014CDC2000A402866E2CCDC019B8500148051206000341088210C01C01D153303649012865787065637420536372697074286F776E5F7363726970745F6861736829203D206163636F756E74001640D50294051029814C0A605281E8C0E8C0DCDD5000C09D034181C981D181D181B1BAA3039303A303637546072606C6EA800A04C8198606C00260626EA8042264B3001001810C086264B300100181144C966002003023811C08E0471332259800800C096264B3001001813409A04D0268992CC004C0F000E26010607801302740E46EB800503C181C800A06E375C002607000481C8C0D80050341BAC001810C085037181A0012064375800501D80EA0663030302D375400715980099B874801800A26464B30013370E900318171BAA303230330028A518A5040B06EB4C0C4004C0B4DD5001C5902A205440A88150C0A8DD50009817005981698170051149A2A660209211856616C696461746F722072657475726E65642066616C73650013656403C2611E581C9131EDFF42AE6FF4CB1B7BAA68D5617FFF69015CA30CD6816E85A8A4004C010C4B766F6C615F6272696467650001F5F6"
Transaction CBOR for UPLC Evaluation: "84A500D9010281825820CD3BA70FC02F3B55277A73C7B8E86CCA08E01EF5D26B13BD51C07D4117382B8301018182581D6024B935A7AE9F9C68EE742B31860BBFA324965E46F64CB32195A93179821B0000000243DEF7BEA1581C465209195F27C99DFEFDCB725E939AD3262339A9B150992B66673BE8A144564F4C411A001E1B08021A000A04A904D9010281850D8201581CE3943E350A7998181F162E14A58E7E2FF839C4D18E7ABD1C253A7826581C7301761068762F5900BDE9EB7C1C15B09840285130F5B0F53606CC5781021A001E84800B58200E5751C026E543B2E8AB2EB06099DAA1D1E5DF47778F7787FAAB45CDF12FE3A8A300D901028182581C24B935A7AE9F9C68EE742B31860BBFA324965E46F64CB32195A9317958400000000000000000000000000000000000000000000000000000000000000000000000000000000000000000000000000000000000000000000000000000000005A182020082D8798082000007D901028159279F59279C010100332229800ABA4ABA2ABA1ABA0AAB9FAAB9EAAB9DAB9CAB9A9BAE0039BAE00248888888888A60022A660089217865787065637420285B5F5D2C2072656D61696E696E675F76616C69645F7369676E65727329203D0A20202020202020206C6973742E706172746974696F6E2876616C69645F7369676E6572732C20666E287329207B2073203D3D2063727970746F2E626C616B6532625F323234287369676E657229207D2900168A99802249F565787065637420536F6D65284F7574707574207B0A20202020202020202020616464726573733A2041646472657373207B0A2020202020202020202020207061796D656E745F63726564656E7469616C3A20536372697074286368616E67655F6272696467655F63726564292C0A2020202020202020202020202E2E0A202020202020202020207D2C0A2020202020202020202076616C75653A206368616E67655F76616C2C0A202020202020202020207265666572656E63655F7363726970743A204E6F6E652C0A202020202020202020202E2E0A20202020202020207D29203D206C6973742E68656164286F7574707574732900168A99802249556578706563742066696E6765727072696E743A204C6973743C28566572696669636174696F6E4B6579486173682C20427974654172726179293E203D0A202020202020202066696E6765727072696E745F6461746100168A99802249326578706563742063657274696669636174653A204365727469666963617465203D2063657274696669636174655F6461746100168A998022493C65787065637420427269646765446174756D207B20616D6F756E742C202E2E207D3A20427269646765446174756D203D206272696467655F6461746100168A99802249FF65787065637420536F6D65284F7574707574207B0A20202020202020202020616464726573733A2041646472657373207B0A2020202020202020202020207061796D656E745F63726564656E7469616C3A20536372697074286F75745F6272696467655F7061795F63726564292C0A2020202020202020202020202E2E0A202020202020202020207D2C0A2020202020202020202076616C75653A206F75745F76616C2C0A20202020202020202020646174756D3A20496E6C696E65446174756D286272696467655F64617461292C0A202020202020202020202E2E0A20202020202020207D29203D206C6973742E686561642873656C662E6F757470757402732900168A99802249E765787065637420536F6D6528496E707574207B0A2020202020206F75747075743A204F7574707574207B20646174756D3A20496E6C696E65446174756D2873657474696E67735F64617461292C202E2E207D2C0A2020202020202E2E0A202020207D29203D0A2020202020206C6973742E66696E64280A202020202020202073656C662E7265666572656E63655F696E707574732C0A2020202020202020666E286929207B206173736574732E6861735F616E795F6E667428692E6F75747075742E76616C75652C2073657474696E67735F706F6C6963795F696429207D2C0A2020202020202900168A9980224959657870656374205B50616972286272696467655F61737365745F6E616D652C206D696E745F717479295D203D0A2020202020206765745F6D696E7465645F76616C75652873656C662E6D696E742C20706F6C6963795F69642900168A998022491C72656465656D65723A204272696467654D696E7452656465656D657200168A998022492E6578706563742073657474696E67733A2053657474696E6773446174756D203D2073657474696E67735F6461746100168A99802249E265787065637420536F6D6528496E707574207B0A2020202020206F75747075743A204F7574707574207B20646174756D3A20496E6C696E65446174756D2873657474696E67735F64617461292C202E2E207D2C0A2020202020202E2E0A202020207D29203D0A2020202020206C6973742E66696E64280A20202020202020207265666572656E63655F696E707574732C0A2020202020202020666E286929207B206173736574732E6861735F616E795F6E667428692E6F75747075742E76616C75652C2073657474696E67735F706F6C6963795F696429207D2C0A2020202020202900168A998022491C72656465656D65723A2057697468647261775369676E6174757265730016488888888888966003300130123754031230163017301730170019180B180B980B800CDC3A4001230163017301730173017301730170019BA5480024464660020020064466006002600400523016301730173017301700191111919800800802912CC00400626603466EC0DD48029BA60044BD6F7B63044CA60026EB8C0600066EACC064006603A0049112CC004CDC8004801C4CC078CDD81BA9009374C01000B15980099B8F0090038CC00402600500891980F99BB037520146E9800400A2002803A26603C66EC0DD48019BA600233006006001406480C8603600280CA4602C602E003223232330010010042259800800C00E2646644B30013372200E00515980099B8F0070028800C01901744CC014014C0780110171BAE301700137566030002603400280C052F5BDED8C1370E90014DD2A4005370E90022444444444444453001302400E98118074966002601860406EA80062946294101E488C8CC00400400C896600200314C103D87A80008992CC004CDD78021812000C4C038CC09CC0940052F5C113300300330290024088604E002812A444B3001300E3022375400713259800800C00A264B3001001801C00E007003899912CC00400600B13259800800C01A00D1332259800800C022264B3001001804C026013009899912CC00400601713259800800C03201900C80644CC896600200300E8992CC00400601F00F807C4C966002606C00713301A00A2259800801404E264B3001001809C04E0270138991801981D0021BAE00140E8606E00481AA0208198DD6800C03D0361819800A062375C00260640048198C0C000502E1BAE001302F00240C0605A0028158DD60009816001401A00C8168C0A80050281BAE001302900240A8604E0028128C08CDD5001C00502048C8CC004004008896600200314BD6F7B63044CA60026EB8C08C0066EACC0900066600600660500049112CC00400A2A6604A92124657870656374205061697228702C205B5F2C202E2E5D206173207829203D20696E6E657200168CC004006007323200432330010010042259800800C5268992CC0040062B30013004375A6056605C005149A2A6605292011F76616C756520646F65736E2774207361746973667920707265646963617465001640A1133225980099B90375C60580046EB8C0B00062B30013006375A605A0051330050053302F00130310038A99815A491F76616C756520646F65736E2774207361746973667920707265646963617465001640A9153302B491276B65797320696E207061697273206172656E277420696E20617363656E64696E67206F72646572001640A8605C004605C0028160C0B800502B14C004C04C0069429450254888894CC0A9240127756E6578706563746564206475706C6963617465206B657920666F756E6420696E20646963742E001640348140604C0028122444B30010028A508994C004C966002602060486EA800626EB4C094C0A0DD5981418129BAA0018A40008110C09C0066EBCC09CC0A00066EAC00D22259800800C566002600400D13300500348002294102444C96600266EBCC09C0053010140008ACC004CC018010DD6981418159BAB3028001898019BA6302C0028A5040951598009980300224001130030078A5040948128C0A80050280CA60020030049119814001198141BA60014BD7020022225980080144CC005300103D87A80004BD6F7B63044CA60026EB8C0980066EACC09C00660560069112CC004CDC8A441000038ACC004CDC7A441000038998029809998161BA60024BD70000C4CC015300103D87A8000006409D19800803C006446600E0046605C66EC0DD48029BA6004001401C81386052004813A294229422941028496600200314C0103D87A800089805198119812000A5EB81022488C8CC004004CC01C00C008896600200314A11323259800998020021815001C528C4C024DD698130012046375C6048002604E002812A44646600200200644B30010018A6103D87A80008992CC004C0100062601C6604E00297AE0899801801981480120443027001409491111111111919912CC004C06000A264B3001002899912CC004C06C0062B30013030375400900281120628ACC004C04C0062B3001303037540090028112062811205A40B4264B300100181144C96600260680051325980099B8F375C606000405913259800980E98189BAA0018992CC004C050C0C8DD5000C4C96600200319800800C56600266E3CDD7181B981A1BAA0010078ACC004C07CC0CCDD50044566002602E009132598009810181A1BAA001899194C004DD5981D000CC0E8C0EC0066074606E6EA8C0E800922259800980E981C9BAA0018992CC004C070C0E8DD5001C4C9660020031598009813981D9BAA0018992CC00400606713259800800C0D2069034899912CC00400606D13259800800C0DE06F03781BC4CC89660020030398992CC00400607503A81D44C9660026092007159800ACC006600201D374C60406608E66EC0DD480C1BA633047337606EA41013010101004BD6F7B6301982399BB03031304537540246E98CC11CCDD8181918229BAA012375000E97ADEF6C604BD6F7B630488CDC4800801203E8A518A99821A4813C6173736574732E6D61746368286F75745F76616C2C2065787065637465645F6F75745F6272696467655F76616C75652C203E3D29203F2046616C73650014A082122B30013371E01603114A315330434901286F75745F6272696467655F7061795F63726564203D3D20706F6C6963795F6964203F2046616C73650014A08212294104240ED0461BAD00181D2092304600141106EB8004C1140090461821800A082375A0026084005034410C608000281F0C0F0DD5000C0C903940CA0650328192082303E303B375400703040E06EB8C0F4C0E8DD5000C0BD0370C0E8004C0D4DD5181C181A9BAA0018152064300D3758604060686EA804E2A6606492114657870656374206D696E745F717479203D3D2031001640C515980099B880044800226024660226EACC078C0D0DD5009980B1981B1BA90074BD70454CC0C9240113657870656374206D696E745F717479203C2030001640C4818A2A660649212D6578706563742073657474696E67732E6272696467655F706F6C6963795F6964203D3D20706F6C6963795F6964001640C50254041025812C09604A81C8C0D8C0CCDD5000C09D030181A981B181B18191BAA3035303630323754606A60646EA800604C8178CC020DD6180B18189BAA01023300A3756602E60646EA8C05CC0C8DD5000817454CC0BD24137657870656374206272696467655F61737365745F6E616D65203D3D206272696467655F76616C696461746F725F61737365745F6E616D65001640B86EB4C0C00060468188C0C8005030198091BAB3015302E375401A002605A6EA800A04102081040810331BAE3030302D3754007159800980800144C8CC88C038CC034DD5980D18181BAA00F303330303754606660606EA8C8CC004004DD6181A18189BAA0102259800800C5A264B30013375E606C60666EA80040162603060666EA8006266006006606E0048180C0D400503318188009818981900098169BAA0038ACC004C03800A264B300100280EC0762646602E00244B3001002899194C004DD6181B181B800CCC028DD6181B0009198061BAB301930343754603260686EA80040C26EB0C0D8009222598009810981A9BAA0028992CC004C060C0D8DD5000C4C96600200319800800C5660026036606E6EA802E3300137009000C8896600266E2400920008800C6600200733708004900A4CDC599B803370A004900A240C0002801903848966002003149A264B30010018A4D1325980099B90375C6076607E0066EB8C0EC0062660080086607C0026080005153303A4901326B65797320696E206173736F63696174697665206C697374206172656E277420696E20617363656E64696E67206F72646572001640E4607C00281E0C0F800503B48888C8CC004004014896600200310058992CC004006266008608400400D1330053042002330030030014100608400281FA4446466446600400400244B3001001801C4C8CC896600266E4401C00A2B30013371E00E0051001803207C8998028029822802207C375C607C0026EB4C0FC004C10400503F198100020018A4001375C607660706EA802E6EB8C090C0E0DD5000CDD71812981C1BAA001488888888C8C8C8CC88CC89660026466453001002800CDD698269827002A0042223259800981B9BAD304F30500018ACC004DD61827800C528C54CC129241124272696467654E6F4E656564496E707574730016413513259800800C54CC12D2410E4E6F427269646765496E70757473001689919912CC004CDC3801003456600266EBCDD3800A610180008ACC004C8CC004004028896600200314A3159800992CC006600266EBCC158C14CDD5182B18299BAA001303533055375202C97AE0A50A51414119800998159BAB30383053375400202D4A14A282822941050182A800C4CC008008C158006294104F20A68A518A99827249556C6973742E616C6C286F7574707574732C206D7573745F6E6F745F686176655F6272696467655F6F7574707574285F2C206272696467655F76616C696461746F725F706F6C6963795F69642929203F2046616C73650014A0826A2A6609C9211865787065637420726573745F696E70757473203D3D205B5D0016413515980099B880060028992CC004C0F0C140DD5000C4C8CA60026EACC15800660AC60AE60AE00330563053375460AC0049112CC004C0E4C154DD5000C4C966002607460AC6EA800E264A660AC9210D42726964676520494E2076616C00153305637326602A6EA002922100153305649110436C61696D7320746F2066756C66696C00153305637326602A6EA003922100153305649108455850454354454400153305637326602A6E980052210015330564910A4368616E67652056616C00153305637326602A6E9801522100159800ACC004CDC780100DC528C54CC1592401386368616E67655F6272696467655F63726564203D3D206272696467655F76616C696461746F725F706F6C6963795F6964203F2046616C73650014A082AA2B30019800802CDD3000C8928A0648A518A9982B2481436173736574732E6D61746368286368616E67655F76616C2C2065787065637465645F61737365742C20666E285F2C205F29207B2054727565207D29203F2046616C73650014A082AA2941055192CC004C10C006201719800805C06A64640046026002660B466EC0DD480C9BA80014BD6F7B630488888C966002B30010018A518A50417D00289801800A0B632330010010052259800800C4CC184CDD81BA9020375001097ADEF6C608994C004DD7182F800CDD69830000CC1900092225980099B9002400389983299BB037520486EA00300162B30013371E048007132598009827800C400A2660CC66EC0DD48129BA8001002418466E000080322660CA66EC0DD48019BA8002330060060014180830060C4002830103E20AA337029000006C1410541BAE30593056375400304F414C30560013051375460A860A26EA80060948270C0A402633001008800CCDC080300120104134826A6002003010807A0243052002375660A060A2609A6EA8C140C144C134DD51828000A09C3758609E0028248CC134DD3801198269BA80014BD701919800800991980080080A912CC004006297AE0899912CC004C96600266EBCC144C138DD5182898271BAA001303033050375202297AE08ACC004C0C660026EACC0CCC138DD5000C046092809229462A660989201926578706563740A202020202020202020206173736574732E6861735F6E6674280A2020202020202020202020206F2E76616C75652C0A2020202020202020202020206272696467655F76616C696461746F725F706F6C6963795F69642C0A2020202020202020202020206272696467655F76616C696461746F725F61737365745F6E616D652C0A20202020202020202020290016412D14A08258C140C144C134DD500144CC13C008CC0100100062660080080028250C138004C13C00504C112CC004006297AE08991919800800998020021828001912CC00400626609E00697AE08992CC004CDD799912CC004CDC4001000C530103D87980008ACC004CDC40008014530103D87B80008A6103D87A80004134826A60026EACC0CCC138DD5181998271BAA001808403D0124C004DD5981998271BAA3033304E3754009010807A0244C103D879800089982800200144CC140004CC00C00CC14800904B1828000A09C304D001412C6EB0C12800A29462A6608A92019469735F636F72726563745F6272696467655F696E70757473286272696467655F696E707574732C206368616E67655F6F7574707574732C20766F6C615F746F6B656E5F706F6C6963795F69642C20766F6C615F746F6B656E5F61737365745F6E616D652C206272696467655F76616C696461746F725F706F6C6963795F69642C20746F745F636C61696D7329203F2046616C73650014A08220CA6002003002809D2000400444446464B30010018998269BA70043304D375000697AE08992CC0040062A660949210E4E6F4F7574707574436C61696D7300168CC004DD618278014C130DD51827800CC14000A60A000291114C004DD698298024C14CC15001260A6007375660A660A8006911119299829A490B436C61696D7320414444520015330533732660240089110015330534911E3D3D3D3D3D3D3D3D3D3D3D3D3D3D3D3D3D3D3D3D3D3D3D3D3D3D3D3D3D3D001533053491084F555420414444520015330533732660240069110015330534911A3D3D3D3D3D3D3D3D3D3D3D3D3D3D3D3D3D3D3D3D3D3D3D3D3D3D0015330534910E45787065637465642061737365740015330533732660246E980052210015330534911E3D3D3D3D3D3D3D3D3D3D3D3D3D3D3D3D3D3D3D3D3D3D3D3D3D3D3D3D3D3D001533053491074F55542056414C0015330533732660246E980092210015330534911E3D3D3D3D3D3D3D3D3D3D3D3D3D3D3D3D3D3D3D3D3D3D3D3D3D3D3D3D3D3D00159800ACC0056600266EBC01000E29462A660A69211861646472203D3D206F75745F61646472203F2046616C73650014A082922B300198008014DD3000C88CDC4800801205E8A518A99829A481316173736574732E6D61746368286F75745F76616C2C2065787065637465645F61737365742C203E3D29203F2046616C73650014A0829229410524660020210078034CDC0006802A0208A99829A4816B65787065637420616E64207B0A202020202020202020202861646472203D3D206F75745F61646472293F2C0A202020202020202020206173736574732E6D61746368286F75745F76616C2C2065787065637465645F61737365742C203E3D293F2C0A20202020202020207D00164148605E660AC66EC0DD480B1BA633056337606EA4054DD400225EB7BDB1812F5BDED8C0209A3758609C609E0048260DD61826800998259BA70033304B374E00497AE0300B00B3001001323298009824000CDD59824182498249824800C88C8C8CC004004010896600200300389919912CC004CDC8803801456600266E3C01C00A2606C6609E00297AE0803209489980280298288022094375C60940026096002609A0028258530103D87A8000911192CC004C0D0006264B3001001801C4C9660020030048024012009132598009828001C01A00A8268DD7000A0A0304D001412C60926EA80122B3001302C0018992CC00400600713259800800C01200900480244C96600260A0007006802A09A375C0028280C13400504B18249BAA004801208C4118608E6EA800E6EB0C12000922222323300100101D2259800800C52F5C113304E374E64646644B3001303B304F375400513259800800C4C966002607A60A26EA800A264B300100182544C96600200313259800800C132264B3001001826C13609B1332259800800C13E264B300100182841420A11332259800800C14A264B3001001829C14E0A7053899912CC0040060AB13259800800C56600260C60051598009825182F1BAA00C8992CC0040060AF13259800800C1620B105882C44CC896600200305A8992CC0040060B705B82DC4C96600260D2007159800982818321BAA0078992CC0040060BB13259800800C4C96600200305F8992CC0040062B3001306D0028CC00400E264B300130550018992CC0040060C513259800800C56600260E000513259800982C000C4C9660020030658992CC0040062B300130730028CC00400603D066409D06641C1066833419A0CC83A0C1C400506F18369BAA0028ACC004C140006264B3001001832C4C966002003066833419A26644B300100183444C966002003069834C1A626644B3001001835C4C96600200306C83641B2264B3001307A003812C1B50771BAD00183620F4307700141D46EB4004C1D800A0D283B8C1D00050721BAD001307300283320E8307100141BC60DA6EA800A0C8835106A18359BAA001831A0DA831C18E0C706341C460DC0028360C1A8DD50014566002609A00315980098351BAA00280CC18506B418506720CE30683754003060408506041A906083041820C08370C1AC0050691835801417A0BD05E82F20D83069001419C60CA6EA801E0B883120B88330DD6800C16D0691833000A0C8375C00260CA0048330C18C005061182F9BAA00C82B20B882B20C082B415A0AD056419060C200282F8DD7000983000120C2305E00141706EB4004C17400A0A082F0C16C0050591BAD001305A002826A0B63058001415860B000504B825C12E09682C8C15800505418291BAA002824A09E13259800981E98289BAA0018992CC00400609704B8991981E000912CC00400A2B3001598009820982A9BAA323302E00E23375E60B660B06EA8004008C164C158DD500344C8CC8966002607800513259800981E982C9BAA303F305A3754607E60B46EA8056266E2000400A266E240040090571BAD305C30593754007159800981D00145284528A0AC415860AC6EA8004DD6981E182B9BAA007305930563754607660AC6EA80462A660A892013A65787065637420536F6D65285F29203D207472616E73616374696F6E2E66696E645F696E70757428696E707574732C20636572742E7574786F290016414D159800994C0040066EB0C0F0C15CDD50104DD6981F182B9BAA020802200222223232598009823800C528C4C96600200314A113298009BAE30610019BAE3061306200198310012444B30019800801C052004B9544C8CC896600200305E8ACC004C1A00063300100E8014C0B002600880720BC83290651BAC30653066001375860CA002646600200201644B30010018A5EB8410180008101800044CA60026EB0C19C0066EB0C19CC1A00066EB8C19C0092225980099B8F0013790013133069374E660D26EA400400CCC1A4DD380125EB822660D26E9C00CCC1A4DD3998349BA90010024BD7020C8198010011833800A0C88A9982FA493F6578706563742063727970746F2E7665726966795F656432353531395F7369676E6174757265287369676E65722C20646174756D5F686173682C207369672900164178375860C000282F0DD6182F983000120B2375A60BC002660B86EA0008CC170DD3800A5EB822660B0608460AC6EA8018CC160C0F4C158DD500325EB822A660A89201A76578706563740A20202020202020206861735F636F72726563745F7369676E657273280A2020202020202020202063657274696669636174655F686173682C0A2020202020202020202073657474696E67732E7369676E6572732C0A2020202020202020202073657474696E67732E72657175697265645F7369676E6572735F636F756E742C0A2020202020202020202066696E6765727072696E742C0A2020202020202020290016414D1533054491406578706563742069735F76616C69645F63657274696669636174652863657274696669636174652C20696E707574732C2076616C69646974795F72616E6765290016414D13259800800C13E09F13259800800C142264B3001001828C1460A3051899912CC0040060A713259800800C1520A905482A44C96600260C200713008306100982AA0BC375C0028308C17800505C1BAE001305D002417860B600282C8DD6000C13E09E82E0C1640090571BAC001825C12D058182A98291BAA0018A998282493F65787065637420536F6D652866696E6765727072696E745F6461746129203D20646963742E67657428646174756D732C207369675F646174615F68617368290016413C66014016005048824412209082B0C14CC140DD5001454CC13924014265787065637420536F6D652863657274696669636174655F6461746129203D20646963742E67657428646174756D732C2063657274696669636174655F6861736829001641346600E0100026EB8C144C148008DD718280009BAC304F001330020023050001413430483048304830483048304830480013043375404444464B30010038991919911980480119B8A48901280059800800C4CDC52441035B5D2900006899B8A489035B5F20009800800CCDC52441025D2900006914C00402A00530070014029229800805400A002805100F20965980099B880014803A266E0120F2010018ACC004CDC4000A41000513370066E01208014001480362C82290451BAC3048002375A608C0026466EC0DD418230009BA73047001375400713259800800C4CDC52441027B7D00003899B8A489037B5F20003232330010010032259800800C400E264B30010018994C00402A6096003337149101023A200098008054C13000600A805100A182700144CA6002015304B00199B8A489023A200098008054C130006600E66008008004805100A18270012098304E001412C66E29220102207D0000341206EAC00E264B3001001899B8A489025B5D00003899B8A489035B5F20009800800CCDC52441015D00003914C00401E0053004001401D229800803C00A002803900C20903758007133005375A0060051323371491102682700329800800CC040DC68014CDC52450127000044004444B30013371000490004400626466453001006980A802CCDC599B800025980099B88002480522903045206E412866E2CCDC0000ACC004CDC4000A4029148182290372094004401866E0C00520203370C002901019B8E004002411C6EB800D04B1B8A4881022C200022323300100100322598009818000C4CDC52450130000038ACC004CDC4000A40011337149101012D0033002002337029000000C4CC014CDC2000A402866E2CCDC019B8500148051206000341088210C01C01D153303649012865787065637420536372697074286F776E5F7363726970745F6861736829203D206163636F756E74001640D50294051029814C0A605281E8C0E8C0DCDD5000C09D034181C981D181D181B1BAA3039303A303637546072606C6EA800A04C8198606C00260626EA8042264B3001001810C086264B300100181144C966002003023811C08E0471332259800800C096264B3001001813409A04D0268992CC004C0F000E26010607801302740E46EB800503C181C800A06E375C002607000481C8C0D80050341BAC001810C085037181A0012064375800501D80EA0663030302D375400715980099B874801800A26464B30013370E900318171BAA303230330028A518A5040B06EB4C0C4004C0B4DD5001C5902A205440A88150C0A8DD50009817005981698170051149A2A660209211856616C696461746F722072657475726E65642066616C73650013656403C2611E581C9131EDFF42AE6FF4CB1B7BAA68D5617FFF69015CA30CD6816E85A8A4004C010C4B766F6C615F6272696467650001F5F6"
Running ExUnit with seed: 166803, max_cases: 32

Transaction CBOR for UPLC Evaluation: "84A600D9010281825820CD3BA70FC02F3B55277A73C7B8E86CCA08E01EF5D26B13BD51C07D4117382B83010182A300581D70E3943E350A7998181F162E14A58E7E2FF839C4D18E7ABD1C253A782601821A0013ED4AA2581C465209195F27C99DFEFDCB725E939AD3262339A9B150992B66673BE8A144564F4C411901F4581CE3943E350A7998181F162E14A58E7E2FF839C4D18E7ABD1C253A7826A14B766F6C615F62726964676501028201D8184DD8799F1901F4401A6942D2C3FF82581D6024B935A7AE9F9C68EE742B31860BBFA324965E46F64CB32195A93179821B0000000243F20CFDA1581C465209195F27C99DFEFDCB725E939AD3262339A9B150992B66673BE8A144564F4C411A001E1914021A000186A009A1581CE3943E350A7998181F162E14A58E7E2FF839C4D18E7ABD1C253A7826A14B766F6C615F627269646765010B58200E5751C026E543B2E8AB2EB06099DAA1D1E5DF47778F7787FAAB45CDF12FE3A812D901028182582063BD5409FD32602F4C1A8C2011F42070146A53AB09B34C1FDE1AF0EDFF2E03BC00A300D901028182581C24B935A7AE9F9C68EE742B31860BBFA324965E46F64CB32195A9317958400000000000000000000000000000000000000000000000000000000000000000000000000000000000000000000000000000000000000000000000000000000005A182010082D8798082000007D901028159279F59279C010100332229800ABA4ABA2ABA1ABA0AAB9FAAB9EAAB9DAB9CAB9A9BAE0039BAE00248888888888A60022A660089217865787065637420285B5F5D2C2072656D61696E696E675F76616C69645F7369676E65727329203D0A20202020202020206C6973742E706172746974696F6E2876616C69645F7369676E6572732C20666E287329207B2073203D3D2063727970746F2E626C616B6532625F323234287369676E657229207D2900168A99802249F565787065637420536F6D65284F7574707574207B0A20202020202020202020616464726573733A2041646472657373207B0A2020202020202020202020207061796D656E745F63726564656E7469616C3A20536372697074286368616E67655F6272696467655F63726564292C0A2020202020202020202020202E2E0A202020202020202020207D2C0A2020202020202020202076616C75653A206368616E67655F76616C2C0A202020202020202020207265666572656E63655F7363726970743A204E6F6E652C0A202020202020202020202E2E0A20202020202020207D29203D206C6973742E68656164286F7574707574732900168A99802249556578706563742066696E6765727072696E743A204C6973743C28566572696669636174696F6E4B6579486173682C20427974654172726179293E203D0A202020202020202066696E6765727072696E745F6461746100168A99802249326578706563742063657274696669636174653A204365727469666963617465203D2063657274696669636174655F6461746100168A998022493C65787065637420427269646765446174756D207B20616D6F756E742C202E2E207D3A20427269646765446174756D203D206272696467655F6461746100168A99802249FF65787065637420536F6D65284F7574707574207B0A20202020202020202020616464726573733A2041646472657373207B0A2020202020202020202020207061796D656E745F63726564656E7469616C3A20536372697074286F75745F6272696467655F7061795F63726564292C0A2020202020202020202020202E2E0A202020202020202020207D2C0A2020202020202020202076616C75653A206F75745F76616C2C0A20202020202020202020646174756D3A20496E6C696E65446174756D286272696467655F64617461292C0A202020202020202020202E2E0A20202020202020207D29203D206C6973742E686561642873656C662E6F757470757402732900168A99802249E765787065637420536F6D6528496E707574207B0A2020202020206F75747075743A204F7574707574207B20646174756D3A20496E6C696E65446174756D2873657474696E67735F64617461292C202E2E207D2C0A2020202020202E2E0A202020207D29203D0A2020202020206C6973742E66696E64280A202020202020202073656C662E7265666572656E63655F696E707574732C0A2020202020202020666E286929207B206173736574732E6861735F616E795F6E667428692E6F75747075742E76616C75652C2073657474696E67735F706F6C6963795F696429207D2C0A2020202020202900168A9980224959657870656374205B50616972286272696467655F61737365745F6E616D652C206D696E745F717479295D203D0A2020202020206765745F6D696E7465645F76616C75652873656C662E6D696E742C20706F6C6963795F69642900168A998022491C72656465656D65723A204272696467654D696E7452656465656D657200168A998022492E6578706563742073657474696E67733A2053657474696E6773446174756D203D2073657474696E67735F6461746100168A99802249E265787065637420536F6D6528496E707574207B0A2020202020206F75747075743A204F7574707574207B20646174756D3A20496E6C696E65446174756D2873657474696E67735F64617461292C202E2E207D2C0A2020202020202E2E0A202020207D29203D0A2020202020206C6973742E66696E64280A20202020202020207265666572656E63655F696E707574732C0A2020202020202020666E286929207B206173736574732E6861735F616E795F6E667428692E6F75747075742E76616C75652C2073657474696E67735F706F6C6963795F696429207D2C0A2020202020202900168A998022491C72656465656D65723A2057697468647261775369676E6174757265730016488888888888966003300130123754031230163017301730170019180B180B980B800CDC3A4001230163017301730173017301730170019BA5480024464660020020064466006002600400523016301730173017301700191111919800800802912CC00400626603466EC0DD48029BA60044BD6F7B63044CA60026EB8C0600066EACC064006603A0049112CC004CDC8004801C4CC078CDD81BA9009374C01000B15980099B8F0090038CC00402600500891980F99BB037520146E9800400A2002803A26603C66EC0DD48019BA600233006006001406480C8603600280CA4602C602E003223232330010010042259800800C00E2646644B30013372200E00515980099B8F0070028800C01901744CC014014C0780110171BAE301700137566030002603400280C052F5BDED8C1370E90014DD2A4005370E90022444444444444453001302400E98118074966002601860406EA80062946294101E488C8CC00400400C896600200314C103D87A80008992CC004CDD78021812000C4C038CC09CC0940052F5C113300300330290024088604E002812A444B3001300E3022375400713259800800C00A264B3001001801C00E007003899912CC00400600B13259800800C01A00D1332259800800C022264B3001001804C026013009899912CC00400601713259800800C03201900C80644CC896600200300E8992CC00400601F00F807C4C966002606C00713301A00A2259800801404E264B3001001809C04E0270138991801981D0021BAE00140E8606E00481AA0208198DD6800C03D0361819800A062375C00260640048198C0C000502E1BAE001302F00240C0605A0028158DD60009816001401A00C8168C0A80050281BAE001302900240A8604E0028128C08CDD5001C00502048C8CC004004008896600200314BD6F7B63044CA60026EB8C08C0066EACC0900066600600660500049112CC00400A2A6604A92124657870656374205061697228702C205B5F2C202E2E5D206173207829203D20696E6E657200168CC004006007323200432330010010042259800800C5268992CC0040062B30013004375A6056605C005149A2A6605292011F76616C756520646F65736E2774207361746973667920707265646963617465001640A1133225980099B90375C60580046EB8C0B00062B30013006375A605A0051330050053302F00130310038A99815A491F76616C756520646F65736E2774207361746973667920707265646963617465001640A9153302B491276B65797320696E207061697273206172656E277420696E20617363656E64696E67206F72646572001640A8605C004605C0028160C0B800502B14C004C04C0069429450254888894CC0A9240127756E6578706563746564206475706C6963617465206B657920666F756E6420696E20646963742E001640348140604C0028122444B30010028A508994C004C966002602060486EA800626EB4C094C0A0DD5981418129BAA0018A40008110C09C0066EBCC09CC0A00066EAC00D22259800800C566002600400D13300500348002294102444C96600266EBCC09C0053010140008ACC004CC018010DD6981418159BAB3028001898019BA6302C0028A5040951598009980300224001130030078A5040948128C0A80050280CA60020030049119814001198141BA60014BD7020022225980080144CC005300103D87A80004BD6F7B63044CA60026EB8C0980066EACC09C00660560069112CC004CDC8A441000038ACC004CDC7A441000038998029809998161BA60024BD70000C4CC015300103D87A8000006409D19800803C006446600E0046605C66EC0DD48029BA6004001401C81386052004813A294229422941028496600200314C0103D87A800089805198119812000A5EB81022488C8CC004004CC01C00C008896600200314A11323259800998020021815001C528C4C024DD698130012046375C6048002604E002812A44646600200200644B30010018A6103D87A80008992CC004C0100062601C6604E00297AE0899801801981480120443027001409491111111111919912CC004C06000A264B3001002899912CC004C06C0062B30013030375400900281120628ACC004C04C0062B3001303037540090028112062811205A40B4264B300100181144C96600260680051325980099B8F375C606000405913259800980E98189BAA0018992CC004C050C0C8DD5000C4C96600200319800800C56600266E3CDD7181B981A1BAA0010078ACC004C07CC0CCDD50044566002602E009132598009810181A1BAA001899194C004DD5981D000CC0E8C0EC0066074606E6EA8C0E800922259800980E981C9BAA0018992CC004C070C0E8DD5001C4C9660020031598009813981D9BAA0018992CC00400606713259800800C0D2069034899912CC00400606D13259800800C0DE06F03781BC4CC89660020030398992CC00400607503A81D44C9660026092007159800ACC006600201D374C60406608E66EC0DD480C1BA633047337606EA41013010101004BD6F7B6301982399BB03031304537540246E98CC11CCDD8181918229BAA012375000E97ADEF6C604BD6F7B630488CDC4800801203E8A518A99821A4813C6173736574732E6D61746368286F75745F76616C2C2065787065637465645F6F75745F6272696467655F76616C75652C203E3D29203F2046616C73650014A082122B30013371E01603114A315330434901286F75745F6272696467655F7061795F63726564203D3D20706F6C6963795F6964203F2046616C73650014A08212294104240ED0461BAD00181D2092304600141106EB8004C1140090461821800A082375A0026084005034410C608000281F0C0F0DD5000C0C903940CA0650328192082303E303B375400703040E06EB8C0F4C0E8DD5000C0BD0370C0E8004C0D4DD5181C181A9BAA0018152064300D3758604060686EA804E2A6606492114657870656374206D696E745F717479203D3D2031001640C515980099B880044800226024660226EACC078C0D0DD5009980B1981B1BA90074BD70454CC0C9240113657870656374206D696E745F717479203C2030001640C4818A2A660649212D6578706563742073657474696E67732E6272696467655F706F6C6963795F6964203D3D20706F6C6963795F6964001640C50254041025812C09604A81C8C0D8C0CCDD5000C09D030181A981B181B18191BAA3035303630323754606A60646EA800604C8178CC020DD6180B18189BAA01023300A3756602E60646EA8C05CC0C8DD5000817454CC0BD24137657870656374206272696467655F61737365745F6E616D65203D3D206272696467655F76616C696461746F725F61737365745F6E616D65001640B86EB4C0C00060468188C0C8005030198091BAB3015302E375401A002605A6EA800A04102081040810331BAE3030302D3754007159800980800144C8CC88C038CC034DD5980D18181BAA00F303330303754606660606EA8C8CC004004DD6181A18189BAA0102259800800C5A264B30013375E606C60666EA80040162603060666EA8006266006006606E0048180C0D400503318188009818981900098169BAA0038ACC004C03800A264B300100280EC0762646602E00244B3001002899194C004DD6181B181B800CCC028DD6181B0009198061BAB301930343754603260686EA80040C26EB0C0D8009222598009810981A9BAA0028992CC004C060C0D8DD5000C4C96600200319800800C5660026036606E6EA802E3300137009000C8896600266E2400920008800C6600200733708004900A4CDC599B803370A004900A240C0002801903848966002003149A264B30010018A4D1325980099B90375C6076607E0066EB8C0EC0062660080086607C0026080005153303A4901326B65797320696E206173736F63696174697665206C697374206172656E277420696E20617363656E64696E67206F72646572001640E4607C00281E0C0F800503B48888C8CC004004014896600200310058992CC004006266008608400400D1330053042002330030030014100608400281FA4446466446600400400244B3001001801C4C8CC896600266E4401C00A2B30013371E00E0051001803207C8998028029822802207C375C607C0026EB4C0FC004C10400503F198100020018A4001375C607660706EA802E6EB8C090C0E0DD5000CDD71812981C1BAA001488888888C8C8C8CC88CC89660026466453001002800CDD698269827002A0042223259800981B9BAD304F30500018ACC004DD61827800C528C54CC129241124272696467654E6F4E656564496E707574730016413513259800800C54CC12D2410E4E6F427269646765496E70757473001689919912CC004CDC3801003456600266EBCDD3800A610180008ACC004C8CC004004028896600200314A3159800992CC006600266EBCC158C14CDD5182B18299BAA001303533055375202C97AE0A50A51414119800998159BAB30383053375400202D4A14A282822941050182A800C4CC008008C158006294104F20A68A518A99827249556C6973742E616C6C286F7574707574732C206D7573745F6E6F745F686176655F6272696467655F6F7574707574285F2C206272696467655F76616C696461746F725F706F6C6963795F69642929203F2046616C73650014A0826A2A6609C9211865787065637420726573745F696E70757473203D3D205B5D0016413515980099B880060028992CC004C0F0C140DD5000C4C8CA60026EACC15800660AC60AE60AE00330563053375460AC0049112CC004C0E4C154DD5000C4C966002607460AC6EA800E264A660AC9210D42726964676520494E2076616C00153305637326602A6EA002922100153305649110436C61696D7320746F2066756C66696C00153305637326602A6EA003922100153305649108455850454354454400153305637326602A6E980052210015330564910A4368616E67652056616C00153305637326602A6E9801522100159800ACC004CDC780100DC528C54CC1592401386368616E67655F6272696467655F63726564203D3D206272696467655F76616C696461746F725F706F6C6963795F6964203F2046616C73650014A082AA2B30019800802CDD3000C8928A0648A518A9982B2481436173736574732E6D61746368286368616E67655F76616C2C2065787065637465645F61737365742C20666E285F2C205F29207B2054727565207D29203F2046616C73650014A082AA2941055192CC004C10C006201719800805C06A64640046026002660B466EC0DD480C9BA80014BD6F7B630488888C966002B30010018A518A50417D00289801800A0B632330010010052259800800C4CC184CDD81BA9020375001097ADEF6C608994C004DD7182F800CDD69830000CC1900092225980099B9002400389983299BB037520486EA00300162B30013371E048007132598009827800C400A2660CC66EC0DD48129BA8001002418466E000080322660CA66EC0DD48019BA8002330060060014180830060C4002830103E20AA337029000006C1410541BAE30593056375400304F414C30560013051375460A860A26EA80060948270C0A402633001008800CCDC080300120104134826A6002003010807A0243052002375660A060A2609A6EA8C140C144C134DD51828000A09C3758609E0028248CC134DD3801198269BA80014BD701919800800991980080080A912CC004006297AE0899912CC004C96600266EBCC144C138DD5182898271BAA001303033050375202297AE08ACC004C0C660026EACC0CCC138DD5000C046092809229462A660989201926578706563740A202020202020202020206173736574732E6861735F6E6674280A2020202020202020202020206F2E76616C75652C0A2020202020202020202020206272696467655F76616C696461746F725F706F6C6963795F69642C0A2020202020202020202020206272696467655F76616C696461746F725F61737365745F6E616D652C0A20202020202020202020290016412D14A08258C140C144C134DD500144CC13C008CC0100100062660080080028250C138004C13C00504C112CC004006297AE08991919800800998020021828001912CC00400626609E00697AE08992CC004CDD799912CC004CDC4001000C530103D87980008ACC004CDC40008014530103D87B80008A6103D87A80004134826A60026EACC0CCC138DD5181998271BAA001808403D0124C004DD5981998271BAA3033304E3754009010807A0244C103D879800089982800200144CC140004CC00C00CC14800904B1828000A09C304D001412C6EB0C12800A29462A6608A92019469735F636F72726563745F6272696467655F696E70757473286272696467655F696E707574732C206368616E67655F6F7574707574732C20766F6C615F746F6B656E5F706F6C6963795F69642C20766F6C615F746F6B656E5F61737365745F6E616D652C206272696467655F76616C696461746F725F706F6C6963795F69642C20746F745F636C61696D7329203F2046616C73650014A08220CA6002003002809D2000400444446464B30010018998269BA70043304D375000697AE08992CC0040062A660949210E4E6F4F7574707574436C61696D7300168CC004DD618278014C130DD51827800CC14000A60A000291114C004DD698298024C14CC15001260A6007375660A660A8006911119299829A490B436C61696D7320414444520015330533732660240089110015330534911E3D3D3D3D3D3D3D3D3D3D3D3D3D3D3D3D3D3D3D3D3D3D3D3D3D3D3D3D3D3D001533053491084F555420414444520015330533732660240069110015330534911A3D3D3D3D3D3D3D3D3D3D3D3D3D3D3D3D3D3D3D3D3D3D3D3D3D3D0015330534910E45787065637465642061737365740015330533732660246E980052210015330534911E3D3D3D3D3D3D3D3D3D3D3D3D3D3D3D3D3D3D3D3D3D3D3D3D3D3D3D3D3D3D001533053491074F55542056414C0015330533732660246E980092210015330534911E3D3D3D3D3D3D3D3D3D3D3D3D3D3D3D3D3D3D3D3D3D3D3D3D3D3D3D3D3D3D00159800ACC0056600266EBC01000E29462A660A69211861646472203D3D206F75745F61646472203F2046616C73650014A082922B300198008014DD3000C88CDC4800801205E8A518A99829A481316173736574732E6D61746368286F75745F76616C2C2065787065637465645F61737365742C203E3D29203F2046616C73650014A0829229410524660020210078034CDC0006802A0208A99829A4816B65787065637420616E64207B0A202020202020202020202861646472203D3D206F75745F61646472293F2C0A202020202020202020206173736574732E6D61746368286F75745F76616C2C2065787065637465645F61737365742C203E3D293F2C0A20202020202020207D00164148605E660AC66EC0DD480B1BA633056337606EA4054DD400225EB7BDB1812F5BDED8C0209A3758609C609E0048260DD61826800998259BA70033304B374E00497AE0300B00B3001001323298009824000CDD59824182498249824800C88C8C8CC004004010896600200300389919912CC004CDC8803801456600266E3C01C00A2606C6609E00297AE0803209489980280298288022094375C60940026096002609A0028258530103D87A8000911192CC004C0D0006264B3001001801C4C9660020030048024012009132598009828001C01A00A8268DD7000A0A0304D001412C60926EA80122B3001302C0018992CC00400600713259800800C01200900480244C96600260A0007006802A09A375C0028280C13400504B18249BAA004801208C4118608E6EA800E6EB0C12000922222323300100101D2259800800C52F5C113304E374E64646644B3001303B304F375400513259800800C4C966002607A60A26EA800A264B300100182544C96600200313259800800C132264B3001001826C13609B1332259800800C13E264B300100182841420A11332259800800C14A264B3001001829C14E0A7053899912CC0040060AB13259800800C56600260C60051598009825182F1BAA00C8992CC0040060AF13259800800C1620B105882C44CC896600200305A8992CC0040060B705B82DC4C96600260D2007159800982818321BAA0078992CC0040060BB13259800800C4C96600200305F8992CC0040062B3001306D0028CC00400E264B300130550018992CC0040060C513259800800C56600260E000513259800982C000C4C9660020030658992CC0040062B300130730028CC00400603D066409D06641C1066833419A0CC83A0C1C400506F18369BAA0028ACC004C140006264B3001001832C4C966002003066833419A26644B300100183444C966002003069834C1A626644B3001001835C4C96600200306C83641B2264B3001307A003812C1B50771BAD00183620F4307700141D46EB4004C1D800A0D283B8C1D00050721BAD001307300283320E8307100141BC60DA6EA800A0C8835106A18359BAA001831A0DA831C18E0C706341C460DC0028360C1A8DD50014566002609A00315980098351BAA00280CC18506B418506720CE30683754003060408506041A906083041820C08370C1AC0050691835801417A0BD05E82F20D83069001419C60CA6EA801E0B883120B88330DD6800C16D0691833000A0C8375C00260CA0048330C18C005061182F9BAA00C82B20B882B20C082B415A0AD056419060C200282F8DD7000983000120C2305E00141706EB4004C17400A0A082F0C16C0050591BAD001305A002826A0B63058001415860B000504B825C12E09682C8C15800505418291BAA002824A09E13259800981E98289BAA0018992CC00400609704B8991981E000912CC00400A2B3001598009820982A9BAA323302E00E23375E60B660B06EA8004008C164C158DD500344C8CC8966002607800513259800981E982C9BAA303F305A3754607E60B46EA8056266E2000400A266E240040090571BAD305C30593754007159800981D00145284528A0AC415860AC6EA8004DD6981E182B9BAA007305930563754607660AC6EA80462A660A892013A65787065637420536F6D65285F29203D207472616E73616374696F6E2E66696E645F696E70757428696E707574732C20636572742E7574786F290016414D159800994C0040066EB0C0F0C15CDD50104DD6981F182B9BAA020802200222223232598009823800C528C4C96600200314A113298009BAE30610019BAE3061306200198310012444B30019800801C052004B9544C8CC896600200305E8ACC004C1A00063300100E8014C0B002600880720BC83290651BAC30653066001375860CA002646600200201644B30010018A5EB8410180008101800044CA60026EB0C19C0066EB0C19CC1A00066EB8C19C0092225980099B8F0013790013133069374E660D26EA400400CCC1A4DD380125EB822660D26E9C00CCC1A4DD3998349BA90010024BD7020C8198010011833800A0C88A9982FA493F6578706563742063727970746F2E7665726966795F656432353531395F7369676E6174757265287369676E65722C20646174756D5F686173682C207369672900164178375860C000282F0DD6182F983000120B2375A60BC002660B86EA0008CC170DD3800A5EB822660B0608460AC6EA8018CC160C0F4C158DD500325EB822A660A89201A76578706563740A20202020202020206861735F636F72726563745F7369676E657273280A2020202020202020202063657274696669636174655F686173682C0A2020202020202020202073657474696E67732E7369676E6572732C0A2020202020202020202073657474696E67732E72657175697265645F7369676E6572735F636F756E742C0A2020202020202020202066696E6765727072696E742C0A2020202020202020290016414D1533054491406578706563742069735F76616C69645F63657274696669636174652863657274696669636174652C20696E707574732C2076616C69646974795F72616E6765290016414D13259800800C13E09F13259800800C142264B3001001828C1460A3051899912CC0040060A713259800800C1520A905482A44C96600260C200713008306100982AA0BC375C0028308C17800505C1BAE001305D002417860B600282C8DD6000C13E09E82E0C1640090571BAC001825C12D058182A98291BAA0018A998282493F65787065637420536F6D652866696E6765727072696E745F6461746129203D20646963742E67657428646174756D732C207369675F646174615F68617368290016413C66014016005048824412209082B0C14CC140DD5001454CC13924014265787065637420536F6D652863657274696669636174655F6461746129203D20646963742E67657428646174756D732C2063657274696669636174655F6861736829001641346600E0100026EB8C144C148008DD718280009BAC304F001330020023050001413430483048304830483048304830480013043375404444464B30010038991919911980480119B8A48901280059800800C4CDC52441035B5D2900006899B8A489035B5F20009800800CCDC52441025D2900006914C00402A00530070014029229800805400A002805100F20965980099B880014803A266E0120F2010018ACC004CDC4000A41000513370066E01208014001480362C82290451BAC3048002375A608C0026466EC0DD418230009BA73047001375400713259800800C4CDC52441027B7D00003899B8A489037B5F20003232330010010032259800800C400E264B30010018994C00402A6096003337149101023A200098008054C13000600A805100A182700144CA6002015304B00199B8A489023A200098008054C130006600E66008008004805100A18270012098304E001412C66E29220102207D0000341206EAC00E264B3001001899B8A489025B5D00003899B8A489035B5F20009800800CCDC52441015D00003914C00401E0053004001401D229800803C00A002803900C20903758007133005375A0060051323371491102682700329800800CC040DC68014CDC52450127000044004444B30013371000490004400626466453001006980A802CCDC599B800025980099B88002480522903045206E412866E2CCDC0000ACC004CDC4000A4029148182290372094004401866E0C00520203370C002901019B8E004002411C6EB800D04B1B8A4881022C200022323300100100322598009818000C4CDC52450130000038ACC004CDC4000A40011337149101012D0033002002337029000000C4CC014CDC2000A402866E2CCDC019B8500148051206000341088210C01C01D153303649012865787065637420536372697074286F776E5F7363726970745F6861736829203D206163636F756E74001640D50294051029814C0A605281E8C0E8C0DCDD5000C09D034181C981D181D181B1BAA3039303A303637546072606C6EA800A04C8198606C00260626EA8042264B3001001810C086264B300100181144C966002003023811C08E0471332259800800C096264B3001001813409A04D0268992CC004C0F000E26010607801302740E46EB800503C181C800A06E375C002607000481C8C0D80050341BAC001810C085037181A0012064375800501D80EA0663030302D375400715980099B874801800A26464B30013370E900318171BAA303230330028A518A5040B06EB4C0C4004C0B4DD5001C5902A205440A88150C0A8DD50009817005981698170051149A2A660209211856616C696461746F722072657475726E65642066616C73650013656403C2611E581C9131EDFF42AE6FF4CB1B7BAA68D5617FFF69015CA30CD6816E85A8A4004C010C4B766F6C615F6272696467650001F5F6"
Transaction CBOR for UPLC Evaluation: "84A600D9010281825820CD3BA70FC02F3B55277A73C7B8E86CCA08E01EF5D26B13BD51C07D4117382B83010182A300581D70E3943E350A7998181F162E14A58E7E2FF839C4D18E7ABD1C253A782601821A0013ED4AA2581C465209195F27C99DFEFDCB725E939AD3262339A9B150992B66673BE8A144564F4C411901F4581CE3943E350A7998181F162E14A58E7E2FF839C4D18E7ABD1C253A7826A14B766F6C615F62726964676501028201D8184DD8799F1901F4401A6942D2C3FF82581D6024B935A7AE9F9C68EE742B31860BBFA324965E46F64CB32195A93179821B0000000243E93489A1581C465209195F27C99DFEFDCB725E939AD3262339A9B150992B66673BE8A144564F4C411A001E1914021A000A5F1409A1581CE3943E350A7998181F162E14A58E7E2FF839C4D18E7ABD1C253A7826A14B766F6C615F627269646765010B58200E5751C026E543B2E8AB2EB06099DAA1D1E5DF47778F7787FAAB45CDF12FE3A812D901028182582063BD5409FD32602F4C1A8C2011F42070146A53AB09B34C1FDE1AF0EDFF2E03BC00A300D901028182581C24B935A7AE9F9C68EE742B31860BBFA324965E46F64CB32195A9317958400000000000000000000000000000000000000000000000000000000000000000000000000000000000000000000000000000000000000000000000000000000005A182010082D8798082000007D901028159279F59279C010100332229800ABA4ABA2ABA1ABA0AAB9FAAB9EAAB9DAB9CAB9A9BAE0039BAE00248888888888A60022A660089217865787065637420285B5F5D2C2072656D61696E696E675F76616C69645F7369676E65727329203D0A20202020202020206C6973742E706172746974696F6E2876616C69645F7369676E6572732C20666E287329207B2073203D3D2063727970746F2E626C616B6532625F323234287369676E657229207D2900168A99802249F565787065637420536F6D65284F7574707574207B0A20202020202020202020616464726573733A2041646472657373207B0A2020202020202020202020207061796D656E745F63726564656E7469616C3A20536372697074286368616E67655F6272696467655F63726564292C0A2020202020202020202020202E2E0A202020202020202020207D2C0A2020202020202020202076616C75653A206368616E67655F76616C2C0A202020202020202020207265666572656E63655F7363726970743A204E6F6E652C0A202020202020202020202E2E0A20202020202020207D29203D206C6973742E68656164286F7574707574732900168A99802249556578706563742066696E6765727072696E743A204C6973743C28566572696669636174696F6E4B6579486173682C20427974654172726179293E203D0A202020202020202066696E6765727072696E745F6461746100168A99802249326578706563742063657274696669636174653A204365727469666963617465203D2063657274696669636174655F6461746100168A998022493C65787065637420427269646765446174756D207B20616D6F756E742C202E2E207D3A20427269646765446174756D203D206272696467655F6461746100168A99802249FF65787065637420536F6D65284F7574707574207B0A20202020202020202020616464726573733A2041646472657373207B0A2020202020202020202020207061796D656E745F63726564656E7469616C3A20536372697074286F75745F6272696467655F7061795F63726564292C0A2020202020202020202020202E2E0A202020202020202020207D2C0A2020202020202020202076616C75653A206F75745F76616C2C0A20202020202020202020646174756D3A20496E6C696E65446174756D286272696467655F64617461292C0A202020202020202020202E2E0A20202020202020207D29203D206C6973742E686561642873656C662E6F757470757402732900168A99802249E765787065637420536F6D6528496E707574207B0A2020202020206F75747075743A204F7574707574207B20646174756D3A20496E6C696E65446174756D2873657474696E67735F64617461292C202E2E207D2C0A2020202020202E2E0A202020207D29203D0A2020202020206C6973742E66696E64280A202020202020202073656C662E7265666572656E63655F696E707574732C0A2020202020202020666E286929207B206173736574732E6861735F616E795F6E667428692E6F75747075742E76616C75652C2073657474696E67735F706F6C6963795F696429207D2C0A2020202020202900168A9980224959657870656374205B50616972286272696467655F61737365745F6E616D652C206D696E745F717479295D203D0A2020202020206765745F6D696E7465645F76616C75652873656C662E6D696E742C20706F6C6963795F69642900168A998022491C72656465656D65723A204272696467654D696E7452656465656D657200168A998022492E6578706563742073657474696E67733A2053657474696E6773446174756D203D2073657474696E67735F6461746100168A99802249E265787065637420536F6D6528496E707574207B0A2020202020206F75747075743A204F7574707574207B20646174756D3A20496E6C696E65446174756D2873657474696E67735F64617461292C202E2E207D2C0A2020202020202E2E0A202020207D29203D0A2020202020206C6973742E66696E64280A20202020202020207265666572656E63655F696E707574732C0A2020202020202020666E286929207B206173736574732E6861735F616E795F6E667428692E6F75747075742E76616C75652C2073657474696E67735F706F6C6963795F696429207D2C0A2020202020202900168A998022491C72656465656D65723A2057697468647261775369676E6174757265730016488888888888966003300130123754031230163017301730170019180B180B980B800CDC3A4001230163017301730173017301730170019BA5480024464660020020064466006002600400523016301730173017301700191111919800800802912CC00400626603466EC0DD48029BA60044BD6F7B63044CA60026EB8C0600066EACC064006603A0049112CC004CDC8004801C4CC078CDD81BA9009374C01000B15980099B8F0090038CC00402600500891980F99BB037520146E9800400A2002803A26603C66EC0DD48019BA600233006006001406480C8603600280CA4602C602E003223232330010010042259800800C00E2646644B30013372200E00515980099B8F0070028800C01901744CC014014C0780110171BAE301700137566030002603400280C052F5BDED8C1370E90014DD2A4005370E90022444444444444453001302400E98118074966002601860406EA80062946294101E488C8CC00400400C896600200314C103D87A80008992CC004CDD78021812000C4C038CC09CC0940052F5C113300300330290024088604E002812A444B3001300E3022375400713259800800C00A264B3001001801C00E007003899912CC00400600B13259800800C01A00D1332259800800C022264B3001001804C026013009899912CC00400601713259800800C03201900C80644CC896600200300E8992CC00400601F00F807C4C966002606C00713301A00A2259800801404E264B3001001809C04E0270138991801981D0021BAE00140E8606E00481AA0208198DD6800C03D0361819800A062375C00260640048198C0C000502E1BAE001302F00240C0605A0028158DD60009816001401A00C8168C0A80050281BAE001302900240A8604E0028128C08CDD5001C00502048C8CC004004008896600200314BD6F7B63044CA60026EB8C08C0066EACC0900066600600660500049112CC00400A2A6604A92124657870656374205061697228702C205B5F2C202E2E5D206173207829203D20696E6E657200168CC004006007323200432330010010042259800800C5268992CC0040062B30013004375A6056605C005149A2A6605292011F76616C756520646F65736E2774207361746973667920707265646963617465001640A1133225980099B90375C60580046EB8C0B00062B30013006375A605A0051330050053302F00130310038A99815A491F76616C756520646F65736E2774207361746973667920707265646963617465001640A9153302B491276B65797320696E207061697273206172656E277420696E20617363656E64696E67206F72646572001640A8605C004605C0028160C0B800502B14C004C04C0069429450254888894CC0A9240127756E6578706563746564206475706C6963617465206B657920666F756E6420696E20646963742E001640348140604C0028122444B30010028A508994C004C966002602060486EA800626EB4C094C0A0DD5981418129BAA0018A40008110C09C0066EBCC09CC0A00066EAC00D22259800800C566002600400D13300500348002294102444C96600266EBCC09C0053010140008ACC004CC018010DD6981418159BAB3028001898019BA6302C0028A5040951598009980300224001130030078A5040948128C0A80050280CA60020030049119814001198141BA60014BD7020022225980080144CC005300103D87A80004BD6F7B63044CA60026EB8C0980066EACC09C00660560069112CC004CDC8A441000038ACC004CDC7A441000038998029809998161BA60024BD70000C4CC015300103D87A8000006409D19800803C006446600E0046605C66EC0DD48029BA6004001401C81386052004813A294229422941028496600200314C0103D87A800089805198119812000A5EB81022488C8CC004004CC01C00C008896600200314A11323259800998020021815001C528C4C024DD698130012046375C6048002604E002812A44646600200200644B30010018A6103D87A80008992CC004C0100062601C6604E00297AE0899801801981480120443027001409491111111111919912CC004C06000A264B3001002899912CC004C06C0062B30013030375400900281120628ACC004C04C0062B3001303037540090028112062811205A40B4264B300100181144C96600260680051325980099B8F375C606000405913259800980E98189BAA0018992CC004C050C0C8DD5000C4C96600200319800800C56600266E3CDD7181B981A1BAA0010078ACC004C07CC0CCDD50044566002602E009132598009810181A1BAA001899194C004DD5981D000CC0E8C0EC0066074606E6EA8C0E800922259800980E981C9BAA0018992CC004C070C0E8DD5001C4C9660020031598009813981D9BAA0018992CC00400606713259800800C0D2069034899912CC00400606D13259800800C0DE06F03781BC4CC89660020030398992CC00400607503A81D44C9660026092007159800ACC006600201D374C60406608E66EC0DD480C1BA633047337606EA41013010101004BD6F7B6301982399BB03031304537540246E98CC11CCDD8181918229BAA012375000E97ADEF6C604BD6F7B630488CDC4800801203E8A518A99821A4813C6173736574732E6D61746368286F75745F76616C2C2065787065637465645F6F75745F6272696467655F76616C75652C203E3D29203F2046616C73650014A082122B30013371E01603114A315330434901286F75745F6272696467655F7061795F63726564203D3D20706F6C6963795F6964203F2046616C73650014A08212294104240ED0461BAD00181D2092304600141106EB8004C1140090461821800A082375A0026084005034410C608000281F0C0F0DD5000C0C903940CA0650328192082303E303B375400703040E06EB8C0F4C0E8DD5000C0BD0370C0E8004C0D4DD5181C181A9BAA0018152064300D3758604060686EA804E2A6606492114657870656374206D696E745F717479203D3D2031001640C515980099B880044800226024660226EACC078C0D0DD5009980B1981B1BA90074BD70454CC0C9240113657870656374206D696E745F717479203C2030001640C4818A2A660649212D6578706563742073657474696E67732E6272696467655F706F6C6963795F6964203D3D20706F6C6963795F6964001640C50254041025812C09604A81C8C0D8C0CCDD5000C09D030181A981B181B18191BAA3035303630323754606A60646EA800604C8178CC020DD6180B18189BAA01023300A3756602E60646EA8C05CC0C8DD5000817454CC0BD24137657870656374206272696467655F61737365745F6E616D65203D3D206272696467655F76616C696461746F725F61737365745F6E616D65001640B86EB4C0C00060468188C0C8005030198091BAB3015302E375401A002605A6EA800A04102081040810331BAE3030302D3754007159800980800144C8CC88C038CC034DD5980D18181BAA00F303330303754606660606EA8C8CC004004DD6181A18189BAA0102259800800C5A264B30013375E606C60666EA80040162603060666EA8006266006006606E0048180C0D400503318188009818981900098169BAA0038ACC004C03800A264B300100280EC0762646602E00244B3001002899194C004DD6181B181B800CCC028DD6181B0009198061BAB301930343754603260686EA80040C26EB0C0D8009222598009810981A9BAA0028992CC004C060C0D8DD5000C4C96600200319800800C5660026036606E6EA802E3300137009000C8896600266E2400920008800C6600200733708004900A4CDC599B803370A004900A240C0002801903848966002003149A264B30010018A4D1325980099B90375C6076607E0066EB8C0EC0062660080086607C0026080005153303A4901326B65797320696E206173736F63696174697665206C697374206172656E277420696E20617363656E64696E67206F72646572001640E4607C00281E0C0F800503B48888C8CC004004014896600200310058992CC004006266008608400400D1330053042002330030030014100608400281FA4446466446600400400244B3001001801C4C8CC896600266E4401C00A2B30013371E00E0051001803207C8998028029822802207C375C607C0026EB4C0FC004C10400503F198100020018A4001375C607660706EA802E6EB8C090C0E0DD5000CDD71812981C1BAA001488888888C8C8C8CC88CC89660026466453001002800CDD698269827002A0042223259800981B9BAD304F30500018ACC004DD61827800C528C54CC129241124272696467654E6F4E656564496E707574730016413513259800800C54CC12D2410E4E6F427269646765496E70757473001689919912CC004CDC3801003456600266EBCDD3800A610180008ACC004C8CC004004028896600200314A3159800992CC006600266EBCC158C14CDD5182B18299BAA001303533055375202C97AE0A50A51414119800998159BAB30383053375400202D4A14A282822941050182A800C4CC008008C158006294104F20A68A518A99827249556C6973742E616C6C286F7574707574732C206D7573745F6E6F745F686176655F6272696467655F6F7574707574285F2C206272696467655F76616C696461746F725F706F6C6963795F69642929203F2046616C73650014A0826A2A6609C9211865787065637420726573745F696E70757473203D3D205B5D0016413515980099B880060028992CC004C0F0C140DD5000C4C8CA60026EACC15800660AC60AE60AE00330563053375460AC0049112CC004C0E4C154DD5000C4C966002607460AC6EA800E264A660AC9210D42726964676520494E2076616C00153305637326602A6EA002922100153305649110436C61696D7320746F2066756C66696C00153305637326602A6EA003922100153305649108455850454354454400153305637326602A6E980052210015330564910A4368616E67652056616C00153305637326602A6E9801522100159800ACC004CDC780100DC528C54CC1592401386368616E67655F6272696467655F63726564203D3D206272696467655F76616C696461746F725F706F6C6963795F6964203F2046616C73650014A082AA2B30019800802CDD3000C8928A0648A518A9982B2481436173736574732E6D61746368286368616E67655F76616C2C2065787065637465645F61737365742C20666E285F2C205F29207B2054727565207D29203F2046616C73650014A082AA2941055192CC004C10C006201719800805C06A64640046026002660B466EC0DD480C9BA80014BD6F7B630488888C966002B30010018A518A50417D00289801800A0B632330010010052259800800C4CC184CDD81BA9020375001097ADEF6C608994C004DD7182F800CDD69830000CC1900092225980099B9002400389983299BB037520486EA00300162B30013371E048007132598009827800C400A2660CC66EC0DD48129BA8001002418466E000080322660CA66EC0DD48019BA8002330060060014180830060C4002830103E20AA337029000006C1410541BAE30593056375400304F414C30560013051375460A860A26EA80060948270C0A402633001008800CCDC080300120104134826A6002003010807A0243052002375660A060A2609A6EA8C140C144C134DD51828000A09C3758609E0028248CC134DD3801198269BA80014BD701919800800991980080080A912CC004006297AE0899912CC004C96600266EBCC144C138DD5182898271BAA001303033050375202297AE08ACC004C0C660026EACC0CCC138DD5000C046092809229462A660989201926578706563740A202020202020202020206173736574732E6861735F6E6674280A2020202020202020202020206F2E76616C75652C0A2020202020202020202020206272696467655F76616C696461746F725F706F6C6963795F69642C0A2020202020202020202020206272696467655F76616C696461746F725F61737365745F6E616D652C0A20202020202020202020290016412D14A08258C140C144C134DD500144CC13C008CC0100100062660080080028250C138004C13C00504C112CC004006297AE08991919800800998020021828001912CC00400626609E00697AE08992CC004CDD799912CC004CDC4001000C530103D87980008ACC004CDC40008014530103D87B80008A6103D87A80004134826A60026EACC0CCC138DD5181998271BAA001808403D0124C004DD5981998271BAA3033304E3754009010807A0244C103D879800089982800200144CC140004CC00C00CC14800904B1828000A09C304D001412C6EB0C12800A29462A6608A92019469735F636F72726563745F6272696467655F696E70757473286272696467655F696E707574732C206368616E67655F6F7574707574732C20766F6C615F746F6B656E5F706F6C6963795F69642C20766F6C615F746F6B656E5F61737365745F6E616D652C206272696467655F76616C696461746F725F706F6C6963795F69642C20746F745F636C61696D7329203F2046616C73650014A08220CA6002003002809D2000400444446464B30010018998269BA70043304D375000697AE08992CC0040062A660949210E4E6F4F7574707574436C61696D7300168CC004DD618278014C130DD51827800CC14000A60A000291114C004DD698298024C14CC15001260A6007375660A660A8006911119299829A490B436C61696D7320414444520015330533732660240089110015330534911E3D3D3D3D3D3D3D3D3D3D3D3D3D3D3D3D3D3D3D3D3D3D3D3D3D3D3D3D3D3D001533053491084F555420414444520015330533732660240069110015330534911A3D3D3D3D3D3D3D3D3D3D3D3D3D3D3D3D3D3D3D3D3D3D3D3D3D3D0015330534910E45787065637465642061737365740015330533732660246E980052210015330534911E3D3D3D3D3D3D3D3D3D3D3D3D3D3D3D3D3D3D3D3D3D3D3D3D3D3D3D3D3D3D001533053491074F55542056414C0015330533732660246E980092210015330534911E3D3D3D3D3D3D3D3D3D3D3D3D3D3D3D3D3D3D3D3D3D3D3D3D3D3D3D3D3D3D00159800ACC0056600266EBC01000E29462A660A69211861646472203D3D206F75745F61646472203F2046616C73650014A082922B300198008014DD3000C88CDC4800801205E8A518A99829A481316173736574732E6D61746368286F75745F76616C2C2065787065637465645F61737365742C203E3D29203F2046616C73650014A0829229410524660020210078034CDC0006802A0208A99829A4816B65787065637420616E64207B0A202020202020202020202861646472203D3D206F75745F61646472293F2C0A202020202020202020206173736574732E6D61746368286F75745F76616C2C2065787065637465645F61737365742C203E3D293F2C0A20202020202020207D00164148605E660AC66EC0DD480B1BA633056337606EA4054DD400225EB7BDB1812F5BDED8C0209A3758609C609E0048260DD61826800998259BA70033304B374E00497AE0300B00B3001001323298009824000CDD59824182498249824800C88C8C8CC004004010896600200300389919912CC004CDC8803801456600266E3C01C00A2606C6609E00297AE0803209489980280298288022094375C60940026096002609A0028258530103D87A8000911192CC004C0D0006264B3001001801C4C9660020030048024012009132598009828001C01A00A8268DD7000A0A0304D001412C60926EA80122B3001302C0018992CC00400600713259800800C01200900480244C96600260A0007006802A09A375C0028280C13400504B18249BAA004801208C4118608E6EA800E6EB0C12000922222323300100101D2259800800C52F5C113304E374E64646644B3001303B304F375400513259800800C4C966002607A60A26EA800A264B300100182544C96600200313259800800C132264B3001001826C13609B1332259800800C13E264B300100182841420A11332259800800C14A264B3001001829C14E0A7053899912CC0040060AB13259800800C56600260C60051598009825182F1BAA00C8992CC0040060AF13259800800C1620B105882C44CC896600200305A8992CC0040060B705B82DC4C96600260D2007159800982818321BAA0078992CC0040060BB13259800800C4C96600200305F8992CC0040062B3001306D0028CC00400E264B300130550018992CC0040060C513259800800C56600260E000513259800982C000C4C9660020030658992CC0040062B300130730028CC00400603D066409D06641C1066833419A0CC83A0C1C400506F18369BAA0028ACC004C140006264B3001001832C4C966002003066833419A26644B300100183444C966002003069834C1A626644B3001001835C4C96600200306C83641B2264B3001307A003812C1B50771BAD00183620F4307700141D46EB4004C1D800A0D283B8C1D00050721BAD001307300283320E8307100141BC60DA6EA800A0C8835106A18359BAA001831A0DA831C18E0C706341C460DC0028360C1A8DD50014566002609A00315980098351BAA00280CC18506B418506720CE30683754003060408506041A906083041820C08370C1AC0050691835801417A0BD05E82F20D83069001419C60CA6EA801E0B883120B88330DD6800C16D0691833000A0C8375C00260CA0048330C18C005061182F9BAA00C82B20B882B20C082B415A0AD056419060C200282F8DD7000983000120C2305E00141706EB4004C17400A0A082F0C16C0050591BAD001305A002826A0B63058001415860B000504B825C12E09682C8C15800505418291BAA002824A09E13259800981E98289BAA0018992CC00400609704B8991981E000912CC00400A2B3001598009820982A9BAA323302E00E23375E60B660B06EA8004008C164C158DD500344C8CC8966002607800513259800981E982C9BAA303F305A3754607E60B46EA8056266E2000400A266E240040090571BAD305C30593754007159800981D00145284528A0AC415860AC6EA8004DD6981E182B9BAA007305930563754607660AC6EA80462A660A892013A65787065637420536F6D65285F29203D207472616E73616374696F6E2E66696E645F696E70757428696E707574732C20636572742E7574786F290016414D159800994C0040066EB0C0F0C15CDD50104DD6981F182B9BAA020802200222223232598009823800C528C4C96600200314A113298009BAE30610019BAE3061306200198310012444B30019800801C052004B9544C8CC896600200305E8ACC004C1A00063300100E8014C0B002600880720BC83290651BAC30653066001375860CA002646600200201644B30010018A5EB8410180008101800044CA60026EB0C19C0066EB0C19CC1A00066EB8C19C0092225980099B8F0013790013133069374E660D26EA400400CCC1A4DD380125EB822660D26E9C00CCC1A4DD3998349BA90010024BD7020C8198010011833800A0C88A9982FA493F6578706563742063727970746F2E7665726966795F656432353531395F7369676E6174757265287369676E65722C20646174756D5F686173682C207369672900164178375860C000282F0DD6182F983000120B2375A60BC002660B86EA0008CC170DD3800A5EB822660B0608460AC6EA8018CC160C0F4C158DD500325EB822A660A89201A76578706563740A20202020202020206861735F636F72726563745F7369676E657273280A2020202020202020202063657274696669636174655F686173682C0A2020202020202020202073657474696E67732E7369676E6572732C0A2020202020202020202073657474696E67732E72657175697265645F7369676E6572735F636F756E742C0A2020202020202020202066696E6765727072696E742C0A2020202020202020290016414D1533054491406578706563742069735F76616C69645F63657274696669636174652863657274696669636174652C20696E707574732C2076616C69646974795F72616E6765290016414D13259800800C13E09F13259800800C142264B3001001828C1460A3051899912CC0040060A713259800800C1520A905482A44C96600260C200713008306100982AA0BC375C0028308C17800505C1BAE001305D002417860B600282C8DD6000C13E09E82E0C1640090571BAC001825C12D058182A98291BAA0018A998282493F65787065637420536F6D652866696E6765727072696E745F6461746129203D20646963742E67657428646174756D732C207369675F646174615F68617368290016413C66014016005048824412209082B0C14CC140DD5001454CC13924014265787065637420536F6D652863657274696669636174655F6461746129203D20646963742E67657428646174756D732C2063657274696669636174655F6861736829001641346600E0100026EB8C144C148008DD718280009BAC304F001330020023050001413430483048304830483048304830480013043375404444464B30010038991919911980480119B8A48901280059800800C4CDC52441035B5D2900006899B8A489035B5F20009800800CCDC52441025D2900006914C00402A00530070014029229800805400A002805100F20965980099B880014803A266E0120F2010018ACC004CDC4000A41000513370066E01208014001480362C82290451BAC3048002375A608C0026466EC0DD418230009BA73047001375400713259800800C4CDC52441027B7D00003899B8A489037B5F20003232330010010032259800800C400E264B30010018994C00402A6096003337149101023A200098008054C13000600A805100A182700144CA6002015304B00199B8A489023A200098008054C130006600E66008008004805100A18270012098304E001412C66E29220102207D0000341206EAC00E264B3001001899B8A489025B5D00003899B8A489035B5F20009800800CCDC52441015D00003914C00401E0053004001401D229800803C00A002803900C20903758007133005375A0060051323371491102682700329800800CC040DC68014CDC52450127000044004444B30013371000490004400626466453001006980A802CCDC599B800025980099B88002480522903045206E412866E2CCDC0000ACC004CDC4000A4029148182290372094004401866E0C00520203370C002901019B8E004002411C6EB800D04B1B8A4881022C200022323300100100322598009818000C4CDC52450130000038ACC004CDC4000A40011337149101012D0033002002337029000000C4CC014CDC2000A402866E2CCDC019B8500148051206000341088210C01C01D153303649012865787065637420536372697074286F776E5F7363726970745F6861736829203D206163636F756E74001640D50294051029814C0A605281E8C0E8C0DCDD5000C09D034181C981D181D181B1BAA3039303A303637546072606C6EA800A04C8198606C00260626EA8042264B3001001810C086264B300100181144C966002003023811C08E0471332259800800C096264B3001001813409A04D0268992CC004C0F000E26010607801302740E46EB800503C181C800A06E375C002607000481C8C0D80050341BAC001810C085037181A0012064375800501D80EA0663030302D375400715980099B874801800A26464B30013370E900318171BAA303230330028A518A5040B06EB4C0C4004C0B4DD5001C5902A205440A88150C0A8DD50009817005981698170051149A2A660209211856616C696461746F722072657475726E65642066616C73650013656403C2611E581C9131EDFF42AE6FF4CB1B7BAA68D5617FFF69015CA30CD6816E85A8A4004C010C4B766F6C615F6272696467650001F5F6"
Cert Lib Fingerprint Hash: "f6d52c28285feb379e020a5d755530c3ccd4607a1419955a13ac7ccd3916f523"
Bridge Lib Attached Datum Hash: "934c54d8b896c16f216965ba4471a601428da03235913a9012f56ba77f2614dd"
Bridge Lib Attached Datum Hash: "f6d52c28285feb379e020a5d755530c3ccd4607a1419955a13ac7ccd3916f523"
"===================================================================== FROM Redeem TEST =============="
Transaction CBOR for UPLC Evaluation: "84A700D90102828258200F51A899C3FB362C21CE9E0810CC7ACD608AA753A88DDF8E568AEF3AE087A5DB00825904EF3430302042616420526571756573743A20227B22636F6E74656E7473223A7B22636F6E74656E7473223A7B22636F6E74656E7473223A7B22657261223A225368656C6C65794261736564457261436F6E776179222C226572726F72223A5B22436F6E7761795574786F774661696C75726520285574786F4661696C75726520285574786F734661696C7572652028436F6C6C6563744572726F7273205B4261645472616E736C6174696F6E202842616262616765436F6E746578744572726F722028416C6F6E7A6F436F6E746578744572726F7220285472616E736C6174696F6E4C6F6769634D697373696E67496E70757420285478496E202854784964207B756E54784964203D205361666548617368205C22636433626137306663303266336235353237376137336337623865383663636130386530316566356432366231336264353163303764343131373338326238335C227D29202854784978207B756E54784978203D20317D29292929295D292929222C22436F6E7761795574786F774661696C75726520285574786F4661696C757265202856616C75654E6F74436F6E7365727665645554784F20284D61727956616C75652028436F696E20302920284D756C74694173736574202866726F6D4C697374205B28506F6C6963794944207B706F6C6963794944203D2053637269707448617368205C2265333934336533353061373939383138316631363265313461353865376532666638333963346431386537616264316332353361373832365C227D2C66726F6D4C697374205B285C22373636663663363135663632373236393634363736355C222C31295D295D29292920284D61727956616C75652028436F696E20393733313237373033312920284D756C74694173736574202866726F6D4C697374205B28506F6C6963794944207B706F6C6963794944203D2053637269707448617368205C2234363532303931393566323763393964666566646362373235653933396164333236323333396139623135303939326236363637336265385C227D2C66726F6D4C697374205B285C2235363466346334315C222C31393733303030295D292C28506F6C6963794944207B706F6C6963794944203D2053637269707448617368205C2265333934336533353061373939383138316631363265313461353865376532666638333963346431386537616264316332353361373832365C227D2C66726F6D4C697374205B285C22373636663663363135663632373236393634363736355C222C31295D295D2929292929222C22436F6E7761795574786F774661696C75726520285574786F4661696C7572652028426164496E707574735554784F202866726F6D4C697374205B5478496E202854784964207B756E54784964203D205361666548617368205C22636433626137306663303266336235353237376137336337623865383663636130386530316566356432366231336264353163303764343131373338326238335C227D29202854784978207B756E54784978203D20317D295D292929225D2C226B696E64223A225368656C6C6579547856616C69646174696F6E4572726F72227D2C22746167223A22547856616C69646174696F6E4572726F72496E43617264616E6F4D6F6465227D2C22746167223A225478436D6454785375626D697456616C69646174696F6E4572726F72227D2C22746167223A2254785375626D69744661696C227D2200018582583900BC77E6C4A79F610AF3B5ABE26524D2F6A7AB82DEF0B1EEF1046D972B95426FE768D6D362611B021E8BEE127AF8B3ECC221D7E9494978E484821A00116D86A1581C465209195F27C99DFEFDCB725E939AD3262339A9B150992B66673BE8A144564F4C4118A082581D70E3943E350A7998181F162E14A58E7E2FF839C4D18E7ABD1C253A7826821A00128BBCA2581C465209195F27C99DFEFDCB725E939AD3262339A9B150992B66673BE8A144564F4C41190154581CE3943E350A7998181F162E14A58E7E2FF839C4D18E7ABD1C253A7826A14B766F6C615F627269646765018358390080916A85BE1E91A5C078EB1B872F4A5ECC7C0CD44A12A69F934C06E38F7ADC4C021F823A70F7D74EF24244F97F4B9EF34D9EDE9881D650FC1A001108825820AFF3C3406CB18B9F2BE3D011479BD2EFA6D707988BE5E09CA077D55F681260E58358390080916A85BE1E91A5C078EB1B872F4A5ECC7C0CD44A12A69F934C06E38F7ADC4C021F823A70F7D74EF24244F97F4B9EF34D9EDE9881D650FC1A00110882582031E504A22BB89AE549A2680E3DA9AB11886897C5C6AB2F19E76FA2B904CF32B68258390080916A85BE1E91A5C078EB1B872F4A5ECC7C0CD44A12A69F934C06E38F7ADC4C021F823A70F7D74EF24244F97F4B9EF34D9EDE9881D650FC1A05C23D64021A000186A003193AA705A1581DF0E3943E350A7998181F162E14A58E7E2FF839C4D18E7ABD1C253A7826000B58200E5751C026E543B2E8AB2EB06099DAA1D1E5DF47778F7787FAAB45CDF12FE3A812D901028182582063BD5409FD32602F4C1A8C2011F42070146A53AB09B34C1FDE1AF0EDFF2E03BC00A400D901028182581C80916A85BE1E91A5C078EB1B872F4A5ECC7C0CD44A12A69F934C06E358400000000000000000000000000000000000000000000000000000000000000000000000000000000000000000000000000000000000000000000000000000000004D901028483825820D67A7592A0297F6C48307D9EA568369F22B06CDEFC818B1949117C54A0A0FBBB5840D5192981DE57FA7B2C5285DC443252B631D01B20892E33B07B58365CB54D5F6963DCFAD3CB6170875D14A23B3CC297925853FA4FAEDFFD39B94DF4D5491B660C8258203176D0881A62326CA3B7E61335AA8953CEB2ACD0A9CB4CACDCCCB9B3C89B89865840C8F1001AB35065853416F8F8CD38EA1CC17B6FDBE3C199B553F9AB9E2C9EFD4D5D6A2C71F2FBE72773C180947E1208A9EC8A4AEA72497051E4AB3EC07935300B82582077C665C81810E18FDB5FAE4EF60851488E1B5C4E1E9DB490FD1AE3198127E7165840A0240E5E035116CC3F1EBB719FE66613F85702380EDAC944BF8E29EB7F6E3FAB2F9022C18FF5A8034F9819C1DEAA33FA9057D4AA74FC57830B0D0977B6A15A065820934C54D8B896C16F216965BA4471A601428DA03235913A9012F56BA77F2614DDD8799FD8799F58200F51A899C3FB362C21CE9E0810CC7ACD608AA753A88DDF8E568AEF3AE087A5DB00FF1B0000019B2D1520E118A040D8799FD8799F581CBC77E6C4A79F610AF3B5ABE26524D2F6A7AB82DEF0B1EEF1046D972BFFD8799FD8799FD8799F581C95426FE768D6D362611B021E8BEE127AF8B3ECC221D7E9494978E484FFFFFFFFFF5820F6D52C28285FEB379E020A5D755530C3CCD4607A1419955A13AC7CCD3916F52305A282000182D87A80820000820300829F9F5820934C54D8B896C16F216965BA4471A601428DA03235913A9012F56BA77F2614DD5820F6D52C28285FEB379E020A5D755530C3CCD4607A1419955A13AC7CCD3916F523FFFF82000007D901028159279F59279C010100332229800ABA4ABA2ABA1ABA0AAB9FAAB9EAAB9DAB9CAB9A9BAE0039BAE00248888888888A60022A660089217865787065637420285B5F5D2C2072656D61696E696E675F76616C69645F7369676E65727329203D0A20202020202020206C6973742E706172746974696F6E2876616C69645F7369676E6572732C20666E287329207B2073203D3D2063727970746F2E626C616B6532625F323234287369676E657229207D2900168A99802249F565787065637420536F6D65284F7574707574207B0A20202020202020202020616464726573733A2041646472657373207B0A2020202020202020202020207061796D656E745F63726564656E7469616C3A20536372697074286368616E67655F6272696467655F63726564292C0A2020202020202020202020202E2E0A202020202020202020207D2C0A2020202020202020202076616C75653A206368616E67655F76616C2C0A202020202020202020207265666572656E63655F7363726970743A204E6F6E652C0A202020202020202020202E2E0A20202020202020207D29203D206C6973742E68656164286F7574707574732900168A99802249556578706563742066696E6765727072696E743A204C6973743C28566572696669636174696F6E4B6579486173682C20427974654172726179293E203D0A202020202020202066696E6765727072696E745F6461746100168A99802249326578706563742063657274696669636174653A204365727469666963617465203D2063657274696669636174655F6461746100168A998022493C65787065637420427269646765446174756D207B20616D6F756E742C202E2E207D3A20427269646765446174756D203D206272696467655F6461746100168A99802249FF65787065637420536F6D65284F7574707574207B0A20202020202020202020616464726573733A2041646472657373207B0A2020202020202020202020207061796D656E745F63726564656E7469616C3A20536372697074286F75745F6272696467655F7061795F63726564292C0A2020202020202020202020202E2E0A202020202020202020207D2C0A2020202020202020202076616C75653A206F75745F76616C2C0A20202020202020202020646174756D3A20496E6C696E65446174756D286272696467655F64617461292C0A202020202020202020202E2E0A20202020202020207D29203D206C6973742E686561642873656C662E6F757470757402732900168A99802249E765787065637420536F6D6528496E707574207B0A2020202020206F75747075743A204F7574707574207B20646174756D3A20496E6C696E65446174756D2873657474696E67735F64617461292C202E2E207D2C0A2020202020202E2E0A202020207D29203D0A2020202020206C6973742E66696E64280A202020202020202073656C662E7265666572656E63655F696E707574732C0A2020202020202020666E286929207B206173736574732E6861735F616E795F6E667428692E6F75747075742E76616C75652C2073657474696E67735F706F6C6963795F696429207D2C0A2020202020202900168A9980224959657870656374205B50616972286272696467655F61737365745F6E616D652C206D696E745F717479295D203D0A2020202020206765745F6D696E7465645F76616C75652873656C662E6D696E742C20706F6C6963795F69642900168A998022491C72656465656D65723A204272696467654D696E7452656465656D657200168A998022492E6578706563742073657474696E67733A2053657474696E6773446174756D203D2073657474696E67735F6461746100168A99802249E265787065637420536F6D6528496E707574207B0A2020202020206F75747075743A204F7574707574207B20646174756D3A20496E6C696E65446174756D2873657474696E67735F64617461292C202E2E207D2C0A2020202020202E2E0A202020207D29203D0A2020202020206C6973742E66696E64280A20202020202020207265666572656E63655F696E707574732C0A2020202020202020666E286929207B206173736574732E6861735F616E795F6E667428692E6F75747075742E76616C75652C2073657474696E67735F706F6C6963795F696429207D2C0A2020202020202900168A998022491C72656465656D65723A2057697468647261775369676E6174757265730016488888888888966003300130123754031230163017301730170019180B180B980B800CDC3A4001230163017301730173017301730170019BA5480024464660020020064466006002600400523016301730173017301700191111919800800802912CC00400626603466EC0DD48029BA60044BD6F7B63044CA60026EB8C0600066EACC064006603A0049112CC004CDC8004801C4CC078CDD81BA9009374C01000B15980099B8F0090038CC00402600500891980F99BB037520146E9800400A2002803A26603C66EC0DD48019BA600233006006001406480C8603600280CA4602C602E003223232330010010042259800800C00E2646644B30013372200E00515980099B8F0070028800C01901744CC014014C0780110171BAE301700137566030002603400280C052F5BDED8C1370E90014DD2A4005370E90022444444444444453001302400E98118074966002601860406EA80062946294101E488C8CC00400400C896600200314C103D87A80008992CC004CDD78021812000C4C038CC09CC0940052F5C113300300330290024088604E002812A444B3001300E3022375400713259800800C00A264B3001001801C00E007003899912CC00400600B13259800800C01A00D1332259800800C022264B3001001804C026013009899912CC00400601713259800800C03201900C80644CC896600200300E8992CC00400601F00F807C4C966002606C00713301A00A2259800801404E264B3001001809C04E0270138991801981D0021BAE00140E8606E00481AA0208198DD6800C03D0361819800A062375C00260640048198C0C000502E1BAE001302F00240C0605A0028158DD60009816001401A00C8168C0A80050281BAE001302900240A8604E0028128C08CDD5001C00502048C8CC004004008896600200314BD6F7B63044CA60026EB8C08C0066EACC0900066600600660500049112CC00400A2A6604A92124657870656374205061697228702C205B5F2C202E2E5D206173207829203D20696E6E657200168CC004006007323200432330010010042259800800C5268992CC0040062B30013004375A6056605C005149A2A6605292011F76616C756520646F65736E2774207361746973667920707265646963617465001640A1133225980099B90375C60580046EB8C0B00062B30013006375A605A0051330050053302F00130310038A99815A491F76616C756520646F65736E2774207361746973667920707265646963617465001640A9153302B491276B65797320696E207061697273206172656E277420696E20617363656E64696E67206F72646572001640A8605C004605C0028160C0B800502B14C004C04C0069429450254888894CC0A9240127756E6578706563746564206475706C6963617465206B657920666F756E6420696E20646963742E001640348140604C0028122444B30010028A508994C004C966002602060486EA800626EB4C094C0A0DD5981418129BAA0018A40008110C09C0066EBCC09CC0A00066EAC00D22259800800C566002600400D13300500348002294102444C96600266EBCC09C0053010140008ACC004CC018010DD6981418159BAB3028001898019BA6302C0028A5040951598009980300224001130030078A5040948128C0A80050280CA60020030049119814001198141BA60014BD7020022225980080144CC005300103D87A80004BD6F7B63044CA60026EB8C0980066EACC09C00660560069112CC004CDC8A441000038ACC004CDC7A441000038998029809998161BA60024BD70000C4CC015300103D87A8000006409D19800803C006446600E0046605C66EC0DD48029BA6004001401C81386052004813A294229422941028496600200314C0103D87A800089805198119812000A5EB81022488C8CC004004CC01C00C008896600200314A11323259800998020021815001C528C4C024DD698130012046375C6048002604E002812A44646600200200644B30010018A6103D87A80008992CC004C0100062601C6604E00297AE0899801801981480120443027001409491111111111919912CC004C06000A264B3001002899912CC004C06C0062B30013030375400900281120628ACC004C04C0062B3001303037540090028112062811205A40B4264B300100181144C96600260680051325980099B8F375C606000405913259800980E98189BAA0018992CC004C050C0C8DD5000C4C96600200319800800C56600266E3CDD7181B981A1BAA0010078ACC004C07CC0CCDD50044566002602E009132598009810181A1BAA001899194C004DD5981D000CC0E8C0EC0066074606E6EA8C0E800922259800980E981C9BAA0018992CC004C070C0E8DD5001C4C9660020031598009813981D9BAA0018992CC00400606713259800800C0D2069034899912CC00400606D13259800800C0DE06F03781BC4CC89660020030398992CC00400607503A81D44C9660026092007159800ACC006600201D374C60406608E66EC0DD480C1BA633047337606EA41013010101004BD6F7B6301982399BB03031304537540246E98CC11CCDD8181918229BAA012375000E97ADEF6C604BD6F7B630488CDC4800801203E8A518A99821A4813C6173736574732E6D61746368286F75745F76616C2C2065787065637465645F6F75745F6272696467655F76616C75652C203E3D29203F2046616C73650014A082122B30013371E01603114A315330434901286F75745F6272696467655F7061795F63726564203D3D20706F6C6963795F6964203F2046616C73650014A08212294104240ED0461BAD00181D2092304600141106EB8004C1140090461821800A082375A0026084005034410C608000281F0C0F0DD5000C0C903940CA0650328192082303E303B375400703040E06EB8C0F4C0E8DD5000C0BD0370C0E8004C0D4DD5181C181A9BAA0018152064300D3758604060686EA804E2A6606492114657870656374206D696E745F717479203D3D2031001640C515980099B880044800226024660226EACC078C0D0DD5009980B1981B1BA90074BD70454CC0C9240113657870656374206D696E745F717479203C2030001640C4818A2A660649212D6578706563742073657474696E67732E6272696467655F706F6C6963795F6964203D3D20706F6C6963795F6964001640C50254041025812C09604A81C8C0D8C0CCDD5000C09D030181A981B181B18191BAA3035303630323754606A60646EA800604C8178CC020DD6180B18189BAA01023300A3756602E60646EA8C05CC0C8DD5000817454CC0BD24137657870656374206272696467655F61737365745F6E616D65203D3D206272696467655F76616C696461746F725F61737365745F6E616D65001640B86EB4C0C00060468188C0C8005030198091BAB3015302E375401A002605A6EA800A04102081040810331BAE3030302D3754007159800980800144C8CC88C038CC034DD5980D18181BAA00F303330303754606660606EA8C8CC004004DD6181A18189BAA0102259800800C5A264B30013375E606C60666EA80040162603060666EA8006266006006606E0048180C0D400503318188009818981900098169BAA0038ACC004C03800A264B300100280EC0762646602E00244B3001002899194C004DD6181B181B800CCC028DD6181B0009198061BAB301930343754603260686EA80040C26EB0C0D8009222598009810981A9BAA0028992CC004C060C0D8DD5000C4C96600200319800800C5660026036606E6EA802E3300137009000C8896600266E2400920008800C6600200733708004900A4CDC599B803370A004900A240C0002801903848966002003149A264B30010018A4D1325980099B90375C6076607E0066EB8C0EC0062660080086607C0026080005153303A4901326B65797320696E206173736F63696174697665206C697374206172656E277420696E20617363656E64696E67206F72646572001640E4607C00281E0C0F800503B48888C8CC004004014896600200310058992CC004006266008608400400D1330053042002330030030014100608400281FA4446466446600400400244B3001001801C4C8CC896600266E4401C00A2B30013371E00E0051001803207C8998028029822802207C375C607C0026EB4C0FC004C10400503F198100020018A4001375C607660706EA802E6EB8C090C0E0DD5000CDD71812981C1BAA001488888888C8C8C8CC88CC89660026466453001002800CDD698269827002A0042223259800981B9BAD304F30500018ACC004DD61827800C528C54CC129241124272696467654E6F4E656564496E707574730016413513259800800C54CC12D2410E4E6F427269646765496E70757473001689919912CC004CDC3801003456600266EBCDD3800A610180008ACC004C8CC004004028896600200314A3159800992CC006600266EBCC158C14CDD5182B18299BAA001303533055375202C97AE0A50A51414119800998159BAB30383053375400202D4A14A282822941050182A800C4CC008008C158006294104F20A68A518A99827249556C6973742E616C6C286F7574707574732C206D7573745F6E6F745F686176655F6272696467655F6F7574707574285F2C206272696467655F76616C696461746F725F706F6C6963795F69642929203F2046616C73650014A0826A2A6609C9211865787065637420726573745F696E70757473203D3D205B5D0016413515980099B880060028992CC004C0F0C140DD5000C4C8CA60026EACC15800660AC60AE60AE00330563053375460AC0049112CC004C0E4C154DD5000C4C966002607460AC6EA800E264A660AC9210D42726964676520494E2076616C00153305637326602A6EA002922100153305649110436C61696D7320746F2066756C66696C00153305637326602A6EA003922100153305649108455850454354454400153305637326602A6E980052210015330564910A4368616E67652056616C00153305637326602A6E9801522100159800ACC004CDC780100DC528C54CC1592401386368616E67655F6272696467655F63726564203D3D206272696467655F76616C696461746F725F706F6C6963795F6964203F2046616C73650014A082AA2B30019800802CDD3000C8928A0648A518A9982B2481436173736574732E6D61746368286368616E67655F76616C2C2065787065637465645F61737365742C20666E285F2C205F29207B2054727565207D29203F2046616C73650014A082AA2941055192CC004C10C006201719800805C06A64640046026002660B466EC0DD480C9BA80014BD6F7B630488888C966002B30010018A518A50417D00289801800A0B632330010010052259800800C4CC184CDD81BA9020375001097ADEF6C608994C004DD7182F800CDD69830000CC1900092225980099B9002400389983299BB037520486EA00300162B30013371E048007132598009827800C400A2660CC66EC0DD48129BA8001002418466E000080322660CA66EC0DD48019BA8002330060060014180830060C4002830103E20AA337029000006C1410541BAE30593056375400304F414C30560013051375460A860A26EA80060948270C0A402633001008800CCDC080300120104134826A6002003010807A0243052002375660A060A2609A6EA8C140C144C134DD51828000A09C3758609E0028248CC134DD3801198269BA80014BD701919800800991980080080A912CC004006297AE0899912CC004C96600266EBCC144C138DD5182898271BAA001303033050375202297AE08ACC004C0C660026EACC0CCC138DD5000C046092809229462A660989201926578706563740A202020202020202020206173736574732E6861735F6E6674280A2020202020202020202020206F2E76616C75652C0A2020202020202020202020206272696467655F76616C696461746F725F706F6C6963795F69642C0A2020202020202020202020206272696467655F76616C696461746F725F61737365745F6E616D652C0A20202020202020202020290016412D14A08258C140C144C134DD500144CC13C008CC0100100062660080080028250C138004C13C00504C112CC004006297AE08991919800800998020021828001912CC00400626609E00697AE08992CC004CDD799912CC004CDC4001000C530103D87980008ACC004CDC40008014530103D87B80008A6103D87A80004134826A60026EACC0CCC138DD5181998271BAA001808403D0124C004DD5981998271BAA3033304E3754009010807A0244C103D879800089982800200144CC140004CC00C00CC14800904B1828000A09C304D001412C6EB0C12800A29462A6608A92019469735F636F72726563745F6272696467655F696E70757473286272696467655F696E707574732C206368616E67655F6F7574707574732C20766F6C615F746F6B656E5F706F6C6963795F69642C20766F6C615F746F6B656E5F61737365745F6E616D652C206272696467655F76616C696461746F725F706F6C6963795F69642C20746F745F636C61696D7329203F2046616C73650014A08220CA6002003002809D2000400444446464B30010018998269BA70043304D375000697AE08992CC0040062A660949210E4E6F4F7574707574436C61696D7300168CC004DD618278014C130DD51827800CC14000A60A000291114C004DD698298024C14CC15001260A6007375660A660A8006911119299829A490B436C61696D7320414444520015330533732660240089110015330534911E3D3D3D3D3D3D3D3D3D3D3D3D3D3D3D3D3D3D3D3D3D3D3D3D3D3D3D3D3D3D001533053491084F555420414444520015330533732660240069110015330534911A3D3D3D3D3D3D3D3D3D3D3D3D3D3D3D3D3D3D3D3D3D3D3D3D3D3D0015330534910E45787065637465642061737365740015330533732660246E980052210015330534911E3D3D3D3D3D3D3D3D3D3D3D3D3D3D3D3D3D3D3D3D3D3D3D3D3D3D3D3D3D3D001533053491074F55542056414C0015330533732660246E980092210015330534911E3D3D3D3D3D3D3D3D3D3D3D3D3D3D3D3D3D3D3D3D3D3D3D3D3D3D3D3D3D3D00159800ACC0056600266EBC01000E29462A660A69211861646472203D3D206F75745F61646472203F2046616C73650014A082922B300198008014DD3000C88CDC4800801205E8A518A99829A481316173736574732E6D61746368286F75745F76616C2C2065787065637465645F61737365742C203E3D29203F2046616C73650014A0829229410524660020210078034CDC0006802A0208A99829A4816B65787065637420616E64207B0A202020202020202020202861646472203D3D206F75745F61646472293F2C0A202020202020202020206173736574732E6D61746368286F75745F76616C2C2065787065637465645F61737365742C203E3D293F2C0A20202020202020207D00164148605E660AC66EC0DD480B1BA633056337606EA4054DD400225EB7BDB1812F5BDED8C0209A3758609C609E0048260DD61826800998259BA70033304B374E00497AE0300B00B3001001323298009824000CDD59824182498249824800C88C8C8CC004004010896600200300389919912CC004CDC8803801456600266E3C01C00A2606C6609E00297AE0803209489980280298288022094375C60940026096002609A0028258530103D87A8000911192CC004C0D0006264B3001001801C4C9660020030048024012009132598009828001C01A00A8268DD7000A0A0304D001412C60926EA80122B3001302C0018992CC00400600713259800800C01200900480244C96600260A0007006802A09A375C0028280C13400504B18249BAA004801208C4118608E6EA800E6EB0C12000922222323300100101D2259800800C52F5C113304E374E64646644B3001303B304F375400513259800800C4C966002607A60A26EA800A264B300100182544C96600200313259800800C132264B3001001826C13609B1332259800800C13E264B300100182841420A11332259800800C14A264B3001001829C14E0A7053899912CC0040060AB13259800800C56600260C60051598009825182F1BAA00C8992CC0040060AF13259800800C1620B105882C44CC896600200305A8992CC0040060B705B82DC4C96600260D2007159800982818321BAA0078992CC0040060BB13259800800C4C96600200305F8992CC0040062B3001306D0028CC00400E264B300130550018992CC0040060C513259800800C56600260E000513259800982C000C4C9660020030658992CC0040062B300130730028CC00400603D066409D06641C1066833419A0CC83A0C1C400506F18369BAA0028ACC004C140006264B3001001832C4C966002003066833419A26644B300100183444C966002003069834C1A626644B3001001835C4C96600200306C83641B2264B3001307A003812C1B50771BAD00183620F4307700141D46EB4004C1D800A0D283B8C1D00050721BAD001307300283320E8307100141BC60DA6EA800A0C8835106A18359BAA001831A0DA831C18E0C706341C460DC0028360C1A8DD50014566002609A00315980098351BAA00280CC18506B418506720CE30683754003060408506041A906083041820C08370C1AC0050691835801417A0BD05E82F20D83069001419C60CA6EA801E0B883120B88330DD6800C16D0691833000A0C8375C00260CA0048330C18C005061182F9BAA00C82B20B882B20C082B415A0AD056419060C200282F8DD7000983000120C2305E00141706EB4004C17400A0A082F0C16C0050591BAD001305A002826A0B63058001415860B000504B825C12E09682C8C15800505418291BAA002824A09E13259800981E98289BAA0018992CC00400609704B8991981E000912CC00400A2B3001598009820982A9BAA323302E00E23375E60B660B06EA8004008C164C158DD500344C8CC8966002607800513259800981E982C9BAA303F305A3754607E60B46EA8056266E2000400A266E240040090571BAD305C30593754007159800981D00145284528A0AC415860AC6EA8004DD6981E182B9BAA007305930563754607660AC6EA80462A660A892013A65787065637420536F6D65285F29203D207472616E73616374696F6E2E66696E645F696E70757428696E707574732C20636572742E7574786F290016414D159800994C0040066EB0C0F0C15CDD50104DD6981F182B9BAA020802200222223232598009823800C528C4C96600200314A113298009BAE30610019BAE3061306200198310012444B30019800801C052004B9544C8CC896600200305E8ACC004C1A00063300100E8014C0B002600880720BC83290651BAC30653066001375860CA002646600200201644B30010018A5EB8410180008101800044CA60026EB0C19C0066EB0C19CC1A00066EB8C19C0092225980099B8F0013790013133069374E660D26EA400400CCC1A4DD380125EB822660D26E9C00CCC1A4DD3998349BA90010024BD7020C8198010011833800A0C88A9982FA493F6578706563742063727970746F2E7665726966795F656432353531395F7369676E6174757265287369676E65722C20646174756D5F686173682C207369672900164178375860C000282F0DD6182F983000120B2375A60BC002660B86EA0008CC170DD3800A5EB822660B0608460AC6EA8018CC160C0F4C158DD500325EB822A660A89201A76578706563740A20202020202020206861735F636F72726563745F7369676E657273280A2020202020202020202063657274696669636174655F686173682C0A2020202020202020202073657474696E67732E7369676E6572732C0A2020202020202020202073657474696E67732E72657175697265645F7369676E6572735F636F756E742C0A2020202020202020202066696E6765727072696E742C0A2020202020202020290016414D1533054491406578706563742069735F76616C69645F63657274696669636174652863657274696669636174652C20696E707574732C2076616C69646974795F72616E6765290016414D13259800800C13E09F13259800800C142264B3001001828C1460A3051899912CC0040060A713259800800C1520A905482A44C96600260C200713008306100982AA0BC375C0028308C17800505C1BAE001305D002417860B600282C8DD6000C13E09E82E0C1640090571BAC001825C12D058182A98291BAA0018A998282493F65787065637420536F6D652866696E6765727072696E745F6461746129203D20646963742E67657428646174756D732C207369675F646174615F68617368290016413C66014016005048824412209082B0C14CC140DD5001454CC13924014265787065637420536F6D652863657274696669636174655F6461746129203D20646963742E67657428646174756D732C2063657274696669636174655F6861736829001641346600E0100026EB8C144C148008DD718280009BAC304F001330020023050001413430483048304830483048304830480013043375404444464B30010038991919911980480119B8A48901280059800800C4CDC52441035B5D2900006899B8A489035B5F20009800800CCDC52441025D2900006914C00402A00530070014029229800805400A002805100F20965980099B880014803A266E0120F2010018ACC004CDC4000A41000513370066E01208014001480362C82290451BAC3048002375A608C0026466EC0DD418230009BA73047001375400713259800800C4CDC52441027B7D00003899B8A489037B5F20003232330010010032259800800C400E264B30010018994C00402A6096003337149101023A200098008054C13000600A805100A182700144CA6002015304B00199B8A489023A200098008054C130006600E66008008004805100A18270012098304E001412C66E29220102207D0000341206EAC00E264B3001001899B8A489025B5D00003899B8A489035B5F20009800800CCDC52441015D00003914C00401E0053004001401D229800803C00A002803900C20903758007133005375A0060051323371491102682700329800800CC040DC68014CDC52450127000044004444B30013371000490004400626466453001006980A802CCDC599B800025980099B88002480522903045206E412866E2CCDC0000ACC004CDC4000A4029148182290372094004401866E0C00520203370C002901019B8E004002411C6EB800D04B1B8A4881022C200022323300100100322598009818000C4CDC52450130000038ACC004CDC4000A40011337149101012D0033002002337029000000C4CC014CDC2000A402866E2CCDC019B8500148051206000341088210C01C01D153303649012865787065637420536372697074286F776E5F7363726970745F6861736829203D206163636F756E74001640D50294051029814C0A605281E8C0E8C0DCDD5000C09D034181C981D181D181B1BAA3039303A303637546072606C6EA800A04C8198606C00260626EA8042264B3001001810C086264B300100181144C966002003023811C08E0471332259800800C096264B3001001813409A04D0268992CC004C0F000E26010607801302740E46EB800503C181C800A06E375C002607000481C8C0D80050341BAC001810C085037181A0012064375800501D80EA0663030302D375400715980099B874801800A26464B30013370E900318171BAA303230330028A518A5040B06EB4C0C4004C0B4DD5001C5902A205440A88150C0A8DD50009817005981698170051149A2A660209211856616C696461746F722072657475726E65642066616C73650013656403C2611E581C9131EDFF42AE6FF4CB1B7BAA68D5617FFF69015CA30CD6816E85A8A4004C010C4B766F6C615F6272696467650001F5F6"


  1) test Redeem bridge with multiple certificate Redeem token must goto valid receipients (VolaBridge.Tx.RedeemBridgeTxTest)
     test/vola_bridge/tx/redeem_bridge_tx_test.exs:16
     match (=) failed
     code:  assert {:ok, tx} = TxBuilder.build_tx(builder, wallet_address: addr)
     left:  {:ok, tx}
     right: {:error,
             %Sutra.Cardano.Transaction.TxBuilder.Error.ScriptEvaluationFailed{
               reason: "unsupported era, please use Conway\nDecoder error decode error: Invalid hash size",
               tx: nil
             }}
     stacktrace:
       test/vola_bridge/tx/redeem_bridge_tx_test.exs:55: anonymous fn/4 in VolaBridge.Tx.RedeemBridgeTxTest."test Redeem bridge with multiple certificate Redeem token must goto valid receipients"/1
       test/vola_bridge/tx/redeem_bridge_tx_test.exs:24: (test)


Finished in 7.1 seconds (0.00s async, 7.1s sync)
1 test, 1 failure
